// Jest Snapshot v1, https://goo.gl/fbAQLP

exports[`TerserPlugin buildError method 1`] = `
[Error: test.js from Terser
Message]
`;

exports[`TerserPlugin buildError method 2`] = `
[Error: test.js from Terser
Message [test.js:1,1]]
`;

exports[`TerserPlugin buildError method 3`] = `
[Error: test.js from Terser
Message [http://example.com/www/js/one.js:1,1][test.js:1,1]]
`;

exports[`TerserPlugin buildError method 4`] = `
[Error: test.js from Terser
Stack]
`;

exports[`TerserPlugin buildSourceMap method 1`] = `
SourceMapConsumer {
  "_absoluteSources": Array [
    "http://example.com/www/js/one.js",
    "http://example.com/www/js/two.js",
  ],
  "_mappings": "CAAC,IAAI,IAAM,SAAUA,GAClB,OAAOC,IAAID;CCDb,IAAI,IAAM,SAAUE,GAClB,OAAOA",
  "_names": ArraySet {
    "_array": Array [
      "bar",
      "baz",
      "n",
    ],
    "_set": Map {
      "bar" => 0,
      "baz" => 1,
      "n" => 2,
    },
  },
  "_sourceMapURL": undefined,
  "_sources": ArraySet {
    "_array": Array [
      "one.js",
      "two.js",
    ],
    "_set": Map {
      "one.js" => 0,
      "two.js" => 1,
    },
  },
  "file": "test.js",
  "sourceRoot": "http://example.com/www/js/",
  "sourcesContent": null,
}
`;

exports[`TerserPlugin buildWarning method 1`] = `"Terser Plugin: Warning [test.js:1,1]"`;

exports[`TerserPlugin buildWarning method 2`] = `"Terser Plugin: Warning [test.js:1,1]"`;

exports[`TerserPlugin buildWarning method 3`] = `"Terser Plugin: Warning [test.js:1,1]"`;

exports[`TerserPlugin buildWarning method 4`] = `"Terser Plugin: Warning [http://example.com/www/js/one.js:1,1]"`;

exports[`TerserPlugin buildWarning method 5`] = `"Terser Plugin: Warning [http://example.com/www/js/one.js:1,1]"`;

exports[`TerserPlugin buildWarning method 6`] = `null`;

exports[`TerserPlugin should regenerate hash: assets 1`] = `
Object {
  "4.4.f1a57a9ca1b30ec6dc5a.js": "(window.webpackJsonp=window.webpackJsonp||[]).push([[4],{4:function(n,p,s){\\"use strict\\";s.r(p),p.default=\\"async-dep\\"}}]);",
  "AsyncImportExport.a7c5d3e6db30077cc61c.js": "!function(e){function t(t){for(var r,o,u=t[0],i=t[1],a=0,l=[];a<u.length;a++)o=u[a],Object.prototype.hasOwnProperty.call(n,o)&&n[o]&&l.push(n[o][0]),n[o]=0;for(r in i)Object.prototype.hasOwnProperty.call(i,r)&&(e[r]=i[r]);for(c&&c(t);l.length;)l.shift()()}var r={},n={0:0};function o(t){if(r[t])return r[t].exports;var n=r[t]={i:t,l:!1,exports:{}};return e[t].call(n.exports,n,n.exports,o),n.l=!0,n.exports}o.e=function(e){var t=[],r=n[e];if(0!==r)if(r)t.push(r[2]);else{var u=new Promise((function(t,o){r=n[e]=[t,o]}));t.push(r[2]=u);var i,a=document.createElement(\\"script\\");a.charset=\\"utf-8\\",a.timeout=120,o.nc&&a.setAttribute(\\"nonce\\",o.nc),a.src=function(e){return o.p+\\"\\"+e+\\".\\"+({}[e]||e)+\\".\\"+{4:\\"f1a57a9ca1b30ec6dc5a\\"}[e]+\\".js\\"}(e);var c=new Error;i=function(t){a.onerror=a.onload=null,clearTimeout(l);var r=n[e];if(0!==r){if(r){var o=t&&(\\"load\\"===t.type?\\"missing\\":t.type),u=t&&t.target&&t.target.src;c.message=\\"Loading chunk \\"+e+\\" failed.\\\\n(\\"+o+\\": \\"+u+\\")\\",c.name=\\"ChunkLoadError\\",c.type=o,c.request=u,r[1](c)}n[e]=void 0}};var l=setTimeout((function(){i({type:\\"timeout\\",target:a})}),12e4);a.onerror=a.onload=i,document.head.appendChild(a)}return Promise.all(t)},o.m=e,o.c=r,o.d=function(e,t,r){o.o(e,t)||Object.defineProperty(e,t,{enumerable:!0,get:r})},o.r=function(e){\\"undefined\\"!=typeof Symbol&&Symbol.toStringTag&&Object.defineProperty(e,Symbol.toStringTag,{value:\\"Module\\"}),Object.defineProperty(e,\\"__esModule\\",{value:!0})},o.t=function(e,t){if(1&t&&(e=o(e)),8&t)return e;if(4&t&&\\"object\\"==typeof e&&e&&e.__esModule)return e;var r=Object.create(null);if(o.r(r),Object.defineProperty(r,\\"default\\",{enumerable:!0,value:e}),2&t&&\\"string\\"!=typeof e)for(var n in e)o.d(r,n,function(t){return e[t]}.bind(null,n));return r},o.n=function(e){var t=e&&e.__esModule?function(){return e.default}:function(){return e};return o.d(t,\\"a\\",t),t},o.o=function(e,t){return Object.prototype.hasOwnProperty.call(e,t)},o.p=\\"\\",o.oe=function(e){throw console.error(e),e};var u=window.webpackJsonp=window.webpackJsonp||[],i=u.push.bind(u);u.push=t,u=u.slice();for(var a=0;a<u.length;a++)t(u[a]);var c=i;o(o.s=2)}({2:function(e,t,r){\\"use strict\\";r.r(t),r.e(4).then(r.bind(null,4)).then(()=>{console.log(\\"Good\\")}),t.default=\\"Awesome\\"}});",
  "importExport.25068f05f311e5a6bc48.js": "!function(e){var t={};function r(n){if(t[n])return t[n].exports;var o=t[n]={i:n,l:!1,exports:{}};return e[n].call(o.exports,o,o.exports,r),o.l=!0,o.exports}r.m=e,r.c=t,r.d=function(e,t,n){r.o(e,t)||Object.defineProperty(e,t,{enumerable:!0,get:n})},r.r=function(e){\\"undefined\\"!=typeof Symbol&&Symbol.toStringTag&&Object.defineProperty(e,Symbol.toStringTag,{value:\\"Module\\"}),Object.defineProperty(e,\\"__esModule\\",{value:!0})},r.t=function(e,t){if(1&t&&(e=r(e)),8&t)return e;if(4&t&&\\"object\\"==typeof e&&e&&e.__esModule)return e;var n=Object.create(null);if(r.r(n),Object.defineProperty(n,\\"default\\",{enumerable:!0,value:e}),2&t&&\\"string\\"!=typeof e)for(var o in e)r.d(n,o,function(t){return e[t]}.bind(null,o));return n},r.n=function(e){var t=e&&e.__esModule?function(){return e.default}:function(){return e};return r.d(t,\\"a\\",t),t},r.o=function(e,t){return Object.prototype.hasOwnProperty.call(e,t)},r.p=\\"\\",r(r.s=3)}({3:function(e,t,r){\\"use strict\\";r.r(t);const n=\\"bar\\";var o=\\"foo\\";t.default=function(){const e=o,t=\`baz\${Math.random()}\`;return()=>({a:e+n+t,b:e,baz:t})}}});",
  "js.96efd6ee5304c816b015.js": "!function(e){var t={};function n(r){if(t[r])return t[r].exports;var o=t[r]={i:r,l:!1,exports:{}};return e[r].call(o.exports,o,o.exports,n),o.l=!0,o.exports}n.m=e,n.c=t,n.d=function(e,t,r){n.o(e,t)||Object.defineProperty(e,t,{enumerable:!0,get:r})},n.r=function(e){\\"undefined\\"!=typeof Symbol&&Symbol.toStringTag&&Object.defineProperty(e,Symbol.toStringTag,{value:\\"Module\\"}),Object.defineProperty(e,\\"__esModule\\",{value:!0})},n.t=function(e,t){if(1&t&&(e=n(e)),8&t)return e;if(4&t&&\\"object\\"==typeof e&&e&&e.__esModule)return e;var r=Object.create(null);if(n.r(r),Object.defineProperty(r,\\"default\\",{enumerable:!0,value:e}),2&t&&\\"string\\"!=typeof e)for(var o in e)n.d(r,o,function(t){return e[t]}.bind(null,o));return r},n.n=function(e){var t=e&&e.__esModule?function(){return e.default}:function(){return e};return n.d(t,\\"a\\",t),t},n.o=function(e,t){return Object.prototype.hasOwnProperty.call(e,t)},n.p=\\"\\",n(n.s=0)}([function(e,t){e.exports=function(){console.log(7)}}]);",
  "mjs.d77424af59a0a96a6be2.js": "!function(e){var t={};function r(n){if(t[n])return t[n].exports;var o=t[n]={i:n,l:!1,exports:{}};return e[n].call(o.exports,o,o.exports,r),o.l=!0,o.exports}r.m=e,r.c=t,r.d=function(e,t,n){r.o(e,t)||Object.defineProperty(e,t,{enumerable:!0,get:n})},r.r=function(e){\\"undefined\\"!=typeof Symbol&&Symbol.toStringTag&&Object.defineProperty(e,Symbol.toStringTag,{value:\\"Module\\"}),Object.defineProperty(e,\\"__esModule\\",{value:!0})},r.t=function(e,t){if(1&t&&(e=r(e)),8&t)return e;if(4&t&&\\"object\\"==typeof e&&e&&e.__esModule)return e;var n=Object.create(null);if(r.r(n),Object.defineProperty(n,\\"default\\",{enumerable:!0,value:e}),2&t&&\\"string\\"!=typeof e)for(var o in e)r.d(n,o,function(t){return e[t]}.bind(null,o));return n},r.n=function(e){var t=e&&e.__esModule?function(){return e.default}:function(){return e};return r.d(t,\\"a\\",t),t},r.o=function(e,t){return Object.prototype.hasOwnProperty.call(e,t)},r.p=\\"\\",r(r.s=1)}([,function(e,t,r){\\"use strict\\";r.r(t);module.exports=function(){console.log(7)}}]);",
}
`;

exports[`TerserPlugin should regenerate hash: errors 1`] = `Array []`;

exports[`TerserPlugin should regenerate hash: warnings 1`] = `Array []`;

exports[`TerserPlugin should work (without options): assets 1`] = `
Object {
  "main.js": "!function(e){var t={};function n(r){if(t[r])return t[r].exports;var o=t[r]={i:r,l:!1,exports:{}};return e[r].call(o.exports,o,o.exports,n),o.l=!0,o.exports}n.m=e,n.c=t,n.d=function(e,t,r){n.o(e,t)||Object.defineProperty(e,t,{enumerable:!0,get:r})},n.r=function(e){\\"undefined\\"!=typeof Symbol&&Symbol.toStringTag&&Object.defineProperty(e,Symbol.toStringTag,{value:\\"Module\\"}),Object.defineProperty(e,\\"__esModule\\",{value:!0})},n.t=function(e,t){if(1&t&&(e=n(e)),8&t)return e;if(4&t&&\\"object\\"==typeof e&&e&&e.__esModule)return e;var r=Object.create(null);if(n.r(r),Object.defineProperty(r,\\"default\\",{enumerable:!0,value:e}),2&t&&\\"string\\"!=typeof e)for(var o in e)n.d(r,o,function(t){return e[t]}.bind(null,o));return r},n.n=function(e){var t=e&&e.__esModule?function(){return e.default}:function(){return e};return n.d(t,\\"a\\",t),t},n.o=function(e,t){return Object.prototype.hasOwnProperty.call(e,t)},n.p=\\"\\",n(n.s=0)}([function(e,t){e.exports=function(){console.log(7)}}]);",
}
`;

exports[`TerserPlugin should work (without options): errors 1`] = `Array []`;

exports[`TerserPlugin should work (without options): warnings 1`] = `Array []`;

exports[`TerserPlugin should work and respect "terser" errors (the "parallel" option is "false"): errors 1`] = `
Array [
  "Error: main.js from Terser
Unexpected token name «Object», expected punc «,» [main.js:1,8]",
]
`;

exports[`TerserPlugin should work and respect "terser" errors (the "parallel" option is "false"): warnings 1`] = `Array []`;

exports[`TerserPlugin should work and respect "terser" errors (the "parallel" option is "true"): errors 1`] = `
Array [
  "Error: main.js from Terser
Unexpected token name «Object», expected punc «,» [main.js:1,8]",
]
`;

exports[`TerserPlugin should work and respect "terser" errors (the "parallel" option is "true"): warnings 1`] = `Array []`;

exports[`TerserPlugin should work as a minimizer: assets 1`] = `
Object {
  "main.js": "!function(e){var t={};function n(r){if(t[r])return t[r].exports;var o=t[r]={i:r,l:!1,exports:{}};return e[r].call(o.exports,o,o.exports,n),o.l=!0,o.exports}n.m=e,n.c=t,n.d=function(e,t,r){n.o(e,t)||Object.defineProperty(e,t,{enumerable:!0,get:r})},n.r=function(e){\\"undefined\\"!=typeof Symbol&&Symbol.toStringTag&&Object.defineProperty(e,Symbol.toStringTag,{value:\\"Module\\"}),Object.defineProperty(e,\\"__esModule\\",{value:!0})},n.t=function(e,t){if(1&t&&(e=n(e)),8&t)return e;if(4&t&&\\"object\\"==typeof e&&e&&e.__esModule)return e;var r=Object.create(null);if(n.r(r),Object.defineProperty(r,\\"default\\",{enumerable:!0,value:e}),2&t&&\\"string\\"!=typeof e)for(var o in e)n.d(r,o,function(t){return e[t]}.bind(null,o));return r},n.n=function(e){var t=e&&e.__esModule?function(){return e.default}:function(){return e};return n.d(t,\\"a\\",t),t},n.o=function(e,t){return Object.prototype.hasOwnProperty.call(e,t)},n.p=\\"\\",n(n.s=0)}([function(e,t){e.exports=function(){console.log(7)}}]);",
}
`;

exports[`TerserPlugin should work as a minimizer: errors 1`] = `Array []`;

exports[`TerserPlugin should work as a minimizer: warnings 1`] = `Array []`;

exports[`TerserPlugin should work as a plugin: assets 1`] = `
Object {
  "main.js": "!function(e){var t={};function n(r){if(t[r])return t[r].exports;var o=t[r]={i:r,l:!1,exports:{}};return e[r].call(o.exports,o,o.exports,n),o.l=!0,o.exports}n.m=e,n.c=t,n.d=function(e,t,r){n.o(e,t)||Object.defineProperty(e,t,{enumerable:!0,get:r})},n.r=function(e){\\"undefined\\"!=typeof Symbol&&Symbol.toStringTag&&Object.defineProperty(e,Symbol.toStringTag,{value:\\"Module\\"}),Object.defineProperty(e,\\"__esModule\\",{value:!0})},n.t=function(e,t){if(1&t&&(e=n(e)),8&t)return e;if(4&t&&\\"object\\"==typeof e&&e&&e.__esModule)return e;var r=Object.create(null);if(n.r(r),Object.defineProperty(r,\\"default\\",{enumerable:!0,value:e}),2&t&&\\"string\\"!=typeof e)for(var o in e)n.d(r,o,function(t){return e[t]}.bind(null,o));return r},n.n=function(e){var t=e&&e.__esModule?function(){return e.default}:function(){return e};return n.d(t,\\"a\\",t),t},n.o=function(e,t){return Object.prototype.hasOwnProperty.call(e,t)},n.p=\\"\\",n(n.s=0)}([function(e,t){e.exports=function(){console.log(7)}}]);",
}
`;

exports[`TerserPlugin should work as a plugin: errors 1`] = `Array []`;

exports[`TerserPlugin should work as a plugin: warnings 1`] = `Array []`;

exports[`TerserPlugin should work in multi compiler mode: assets 1`] = `
Object {
  "main-1.js": "/******/ (function(modules) { // webpackBootstrap
/******/ 	// The module cache
/******/ 	var installedModules = {};
/******/
/******/ 	// The require function
/******/ 	function __webpack_require__(moduleId) {
/******/
/******/ 		// Check if module is in cache
/******/ 		if(installedModules[moduleId]) {
/******/ 			return installedModules[moduleId].exports;
/******/ 		}
/******/ 		// Create a new module (and put it into the cache)
/******/ 		var module = installedModules[moduleId] = {
/******/ 			i: moduleId,
/******/ 			l: false,
/******/ 			exports: {}
/******/ 		};
/******/
/******/ 		// Execute the module function
/******/ 		modules[moduleId].call(module.exports, module, module.exports, __webpack_require__);
/******/
/******/ 		// Flag the module as loaded
/******/ 		module.l = true;
/******/
/******/ 		// Return the exports of the module
/******/ 		return module.exports;
/******/ 	}
/******/
/******/
/******/ 	// expose the modules object (__webpack_modules__)
/******/ 	__webpack_require__.m = modules;
/******/
/******/ 	// expose the module cache
/******/ 	__webpack_require__.c = installedModules;
/******/
/******/ 	// define getter function for harmony exports
/******/ 	__webpack_require__.d = function(exports, name, getter) {
/******/ 		if(!__webpack_require__.o(exports, name)) {
/******/ 			Object.defineProperty(exports, name, { enumerable: true, get: getter });
/******/ 		}
/******/ 	};
/******/
/******/ 	// define __esModule on exports
/******/ 	__webpack_require__.r = function(exports) {
/******/ 		if(typeof Symbol !== 'undefined' && Symbol.toStringTag) {
/******/ 			Object.defineProperty(exports, Symbol.toStringTag, { value: 'Module' });
/******/ 		}
/******/ 		Object.defineProperty(exports, '__esModule', { value: true });
/******/ 	};
/******/
/******/ 	// create a fake namespace object
/******/ 	// mode & 1: value is a module id, require it
/******/ 	// mode & 2: merge all properties of value into the ns
/******/ 	// mode & 4: return value when already ns object
/******/ 	// mode & 8|1: behave like require
/******/ 	__webpack_require__.t = function(value, mode) {
/******/ 		if(mode & 1) value = __webpack_require__(value);
/******/ 		if(mode & 8) return value;
/******/ 		if((mode & 4) && typeof value === 'object' && value && value.__esModule) return value;
/******/ 		var ns = Object.create(null);
/******/ 		__webpack_require__.r(ns);
/******/ 		Object.defineProperty(ns, 'default', { enumerable: true, value: value });
/******/ 		if(mode & 2 && typeof value != 'string') for(var key in value) __webpack_require__.d(ns, key, function(key) { return value[key]; }.bind(null, key));
/******/ 		return ns;
/******/ 	};
/******/
/******/ 	// getDefaultExport function for compatibility with non-harmony modules
/******/ 	__webpack_require__.n = function(module) {
/******/ 		var getter = module && module.__esModule ?
/******/ 			function getDefault() { return module['default']; } :
/******/ 			function getModuleExports() { return module; };
/******/ 		__webpack_require__.d(getter, 'a', getter);
/******/ 		return getter;
/******/ 	};
/******/
/******/ 	// Object.prototype.hasOwnProperty.call
/******/ 	__webpack_require__.o = function(object, property) { return Object.prototype.hasOwnProperty.call(object, property); };
/******/
/******/ 	// __webpack_public_path__
/******/ 	__webpack_require__.p = \\"\\";
/******/
/******/
/******/ 	// Load entry module and return exports
/******/ 	return __webpack_require__(__webpack_require__.s = 0);
/******/ })
/************************************************************************/
/******/ ([
/* 0 */
/***/ (function(module, exports) {

// foo
/* @preserve*/
// bar
const a = 2 + 2;

module.exports = function Foo() {
  const b = 2 + 2;
  console.log(b + 1 + 2);
};


/***/ })
/******/ ]);",
}
`;

exports[`TerserPlugin should work in multi compiler mode: assets 2`] = `
Object {
  "main-2.js": "!function(e){var t={};function n(r){if(t[r])return t[r].exports;var o=t[r]={i:r,l:!1,exports:{}};return e[r].call(o.exports,o,o.exports,n),o.l=!0,o.exports}n.m=e,n.c=t,n.d=function(e,t,r){n.o(e,t)||Object.defineProperty(e,t,{enumerable:!0,get:r})},n.r=function(e){\\"undefined\\"!=typeof Symbol&&Symbol.toStringTag&&Object.defineProperty(e,Symbol.toStringTag,{value:\\"Module\\"}),Object.defineProperty(e,\\"__esModule\\",{value:!0})},n.t=function(e,t){if(1&t&&(e=n(e)),8&t)return e;if(4&t&&\\"object\\"==typeof e&&e&&e.__esModule)return e;var r=Object.create(null);if(n.r(r),Object.defineProperty(r,\\"default\\",{enumerable:!0,value:e}),2&t&&\\"string\\"!=typeof e)for(var o in e)n.d(r,o,function(t){return e[t]}.bind(null,o));return r},n.n=function(e){var t=e&&e.__esModule?function(){return e.default}:function(){return e};return n.d(t,\\"a\\",t),t},n.o=function(e,t){return Object.prototype.hasOwnProperty.call(e,t)},n.p=\\"\\",n(n.s=0)}([function(e,t){e.exports=function(){console.log(7)}}]);",
}
`;

exports[`TerserPlugin should work in multi compiler mode: assets 3`] = `
Object {
  "main-3.js": "!function(e){var t={};function r(n){if(t[n])return t[n].exports;var o=t[n]={i:n,l:!1,exports:{}};return e[n].call(o.exports,o,o.exports,r),o.l=!0,o.exports}r.m=e,r.c=t,r.d=function(e,t,n){r.o(e,t)||Object.defineProperty(e,t,{enumerable:!0,get:n})},r.r=function(e){\\"undefined\\"!=typeof Symbol&&Symbol.toStringTag&&Object.defineProperty(e,Symbol.toStringTag,{value:\\"Module\\"}),Object.defineProperty(e,\\"__esModule\\",{value:!0})},r.t=function(e,t){if(1&t&&(e=r(e)),8&t)return e;if(4&t&&\\"object\\"==typeof e&&e&&e.__esModule)return e;var n=Object.create(null);if(r.r(n),Object.defineProperty(n,\\"default\\",{enumerable:!0,value:e}),2&t&&\\"string\\"!=typeof e)for(var o in e)r.d(n,o,function(t){return e[t]}.bind(null,o));return n},r.n=function(e){var t=e&&e.__esModule?function(){return e.default}:function(){return e};return r.d(t,\\"a\\",t),t},r.o=function(e,t){return Object.prototype.hasOwnProperty.call(e,t)},r.p=\\"\\",r(r.s=0)}([function(e,t,r){\\"use strict\\";r.r(t);const n=\\"bar\\";var o=\\"foo\\";t.default=function(){const e=o,t=\`baz\${Math.random()}\`;return()=>({a:e+n+t,b:e,baz:t})}}]);",
}
`;

exports[`TerserPlugin should work in multi compiler mode: compiler plugin count 1`] = `
Object {
  "additionalPass": 0,
  "afterCompile": 0,
  "afterEmit": 1,
  "afterEnvironment": 0,
  "afterPlugins": 0,
  "afterResolvers": 2,
  "assetEmitted": 0,
  "beforeCompile": 0,
  "beforeRun": 1,
  "compilation": 42,
  "compile": 0,
  "contextModuleFactory": 0,
  "done": 1,
  "emit": 0,
  "entryOption": 1,
  "environment": 0,
  "failed": 0,
  "infrastructureLog": 0,
  "infrastructurelog": 0,
  "invalid": 1,
  "make": 1,
  "normalModuleFactory": 1,
  "run": 0,
  "shouldEmit": 1,
  "thisCompilation": 3,
  "watchClose": 0,
  "watchRun": 0,
}
`;

exports[`TerserPlugin should work in multi compiler mode: errors 1`] = `Array []`;

exports[`TerserPlugin should work in multi compiler mode: errors 2`] = `Array []`;

exports[`TerserPlugin should work in multi compiler mode: errors 3`] = `Array []`;

exports[`TerserPlugin should work in multi compiler mode: warnings 1`] = `Array []`;

exports[`TerserPlugin should work in multi compiler mode: warnings 2`] = `Array []`;

exports[`TerserPlugin should work in multi compiler mode: warnings 3`] = `Array []`;
