// Jest Snapshot v1, https://goo.gl/fbAQLP

exports[`parallel option should match snapshot for the "2" value: assets 1`] = `
Object {
  "four.js": "(()=>{var r={791:r=>{r.exports=function(){console.log(7)}}},o={};!function t(e){if(o[e])return o[e].exports;var n=o[e]={exports:{}};return r[e](n,n.exports,t),n.exports}(791)})();",
  "one.js": "(()=>{var r={791:r=>{r.exports=function(){console.log(7)}}},o={};!function t(e){if(o[e])return o[e].exports;var n=o[e]={exports:{}};return r[e](n,n.exports,t),n.exports}(791)})();",
  "three.js": "(()=>{var r={791:r=>{r.exports=function(){console.log(7)}}},o={};!function t(e){if(o[e])return o[e].exports;var n=o[e]={exports:{}};return r[e](n,n.exports,t),n.exports}(791)})();",
  "two.js": "(()=>{var r={791:r=>{r.exports=function(){console.log(7)}}},o={};!function t(e){if(o[e])return o[e].exports;var n=o[e]={exports:{}};return r[e](n,n.exports,t),n.exports}(791)})();",
}
`;

exports[`parallel option should match snapshot for the "2" value: errors 1`] = `Array []`;

exports[`parallel option should match snapshot for the "2" value: warnings 1`] = `Array []`;

exports[`parallel option should match snapshot for the "false" value: assets 1`] = `
Object {
  "four.js": "(()=>{var r={791:r=>{r.exports=function(){console.log(7)}}},o={};!function t(e){if(o[e])return o[e].exports;var n=o[e]={exports:{}};return r[e](n,n.exports,t),n.exports}(791)})();",
  "one.js": "(()=>{var r={791:r=>{r.exports=function(){console.log(7)}}},o={};!function t(e){if(o[e])return o[e].exports;var n=o[e]={exports:{}};return r[e](n,n.exports,t),n.exports}(791)})();",
  "three.js": "(()=>{var r={791:r=>{r.exports=function(){console.log(7)}}},o={};!function t(e){if(o[e])return o[e].exports;var n=o[e]={exports:{}};return r[e](n,n.exports,t),n.exports}(791)})();",
  "two.js": "(()=>{var r={791:r=>{r.exports=function(){console.log(7)}}},o={};!function t(e){if(o[e])return o[e].exports;var n=o[e]={exports:{}};return r[e](n,n.exports,t),n.exports}(791)})();",
}
`;

exports[`parallel option should match snapshot for the "false" value: errors 1`] = `Array []`;

exports[`parallel option should match snapshot for the "false" value: warnings 1`] = `Array []`;

exports[`parallel option should match snapshot for the "true" value and only one file passed: assets 1`] = `
Object {
  "main.js": "(()=>{var r={791:r=>{r.exports=function(){console.log(7)}}},o={};!function t(e){if(o[e])return o[e].exports;var n=o[e]={exports:{}};return r[e](n,n.exports,t),n.exports}(791)})();",
}
`;

exports[`parallel option should match snapshot for the "true" value and only one file passed: errors 1`] = `Array []`;

exports[`parallel option should match snapshot for the "true" value and only one file passed: warnings 1`] = `Array []`;

exports[`parallel option should match snapshot for the "true" value and two files passed: assets 1`] = `
Object {
  "one.js": "(()=>{var r={791:r=>{r.exports=function(){console.log(7)}}},o={};!function t(e){if(o[e])return o[e].exports;var n=o[e]={exports:{}};return r[e](n,n.exports,t),n.exports}(791)})();",
  "two.js": "(()=>{var r={791:r=>{r.exports=function(){console.log(7)}}},o={};!function t(e){if(o[e])return o[e].exports;var n=o[e]={exports:{}};return r[e](n,n.exports,t),n.exports}(791)})();",
}
`;

exports[`parallel option should match snapshot for the "true" value and two files passed: errors 1`] = `Array []`;

exports[`parallel option should match snapshot for the "true" value and two files passed: warnings 1`] = `Array []`;

exports[`parallel option should match snapshot for the "true" value: assets 1`] = `
Object {
  "four.js": "(()=>{var r={791:r=>{r.exports=function(){console.log(7)}}},o={};!function t(e){if(o[e])return o[e].exports;var n=o[e]={exports:{}};return r[e](n,n.exports,t),n.exports}(791)})();",
  "one.js": "(()=>{var r={791:r=>{r.exports=function(){console.log(7)}}},o={};!function t(e){if(o[e])return o[e].exports;var n=o[e]={exports:{}};return r[e](n,n.exports,t),n.exports}(791)})();",
  "three.js": "(()=>{var r={791:r=>{r.exports=function(){console.log(7)}}},o={};!function t(e){if(o[e])return o[e].exports;var n=o[e]={exports:{}};return r[e](n,n.exports,t),n.exports}(791)})();",
  "two.js": "(()=>{var r={791:r=>{r.exports=function(){console.log(7)}}},o={};!function t(e){if(o[e])return o[e].exports;var n=o[e]={exports:{}};return r[e](n,n.exports,t),n.exports}(791)})();",
}
`;

exports[`parallel option should match snapshot for the "true" value: errors 1`] = `Array []`;

exports[`parallel option should match snapshot for the "true" value: warnings 1`] = `Array []`;

exports[`parallel option should match snapshot when a value is not specify: assets 1`] = `
Object {
  "four.js": "(()=>{var r={791:r=>{r.exports=function(){console.log(7)}}},o={};!function t(e){if(o[e])return o[e].exports;var n=o[e]={exports:{}};return r[e](n,n.exports,t),n.exports}(791)})();",
  "one.js": "(()=>{var r={791:r=>{r.exports=function(){console.log(7)}}},o={};!function t(e){if(o[e])return o[e].exports;var n=o[e]={exports:{}};return r[e](n,n.exports,t),n.exports}(791)})();",
  "three.js": "(()=>{var r={791:r=>{r.exports=function(){console.log(7)}}},o={};!function t(e){if(o[e])return o[e].exports;var n=o[e]={exports:{}};return r[e](n,n.exports,t),n.exports}(791)})();",
  "two.js": "(()=>{var r={791:r=>{r.exports=function(){console.log(7)}}},o={};!function t(e){if(o[e])return o[e].exports;var n=o[e]={exports:{}};return r[e](n,n.exports,t),n.exports}(791)})();",
}
`;

exports[`parallel option should match snapshot when a value is not specify: errors 1`] = `Array []`;

exports[`parallel option should match snapshot when a value is not specify: warnings 1`] = `Array []`;
