// Jest Snapshot v1, https://goo.gl/fbAQLP

exports[`test option should match snapshot and uglify "mjs": assets 1`] = `
Object {
  "598.598.mjs?ver=1280e476eb23728f6e82": "(window.webpackJsonp=window.webpackJsonp||[]).push([[598],{598:(s,n,p)=>{\\"use strict\\";p.r(n),p.d(n,{default:()=>w});const w=\\"async-dep\\"}}]);",
  "AsyncImportExport.mjs?var=1280e476eb23728f6e82": "(()=>{\\"use strict\\";var e={},r={};function o(t){if(r[t])return r[t].exports;var n=r[t]={exports:{}};return e[t](n,n.exports,o),n.exports}o.m=e,o.d=(e,r)=>{for(var t in r)o.o(r,t)&&!o.o(e,t)&&Object.defineProperty(e,t,{enumerable:!0,get:r[t]})},o.f={},o.e=e=>Promise.all(Object.keys(o.f).reduce((r,t)=>(o.f[t](e,r),r),[])),o.u=e=>e+\\".\\"+e+\\".mjs?ver=\\"+o.h(),o.h=()=>\\"1280e476eb23728f6e82\\",o.o=(e,r)=>Object.prototype.hasOwnProperty.call(e,r),o.r=e=>{\\"undefined\\"!=typeof Symbol&&Symbol.toStringTag&&Object.defineProperty(e,Symbol.toStringTag,{value:\\"Module\\"}),Object.defineProperty(e,\\"__esModule\\",{value:!0})},o.p=\\"\\",(()=>{var e={988:0};o.f.j=(r,t)=>{var n=o.o(e,r)?e[r]:void 0;if(0!==n)if(n)t.push(n[2]);else{var a=new Promise((o,t)=>{n=e[r]=[o,t]});t.push(n[2]=a);var i,s=o.p+o.u(r),u=document.createElement(\\"script\\");u.charset=\\"utf-8\\",u.timeout=120,o.nc&&u.setAttribute(\\"nonce\\",o.nc),u.src=s;var p=new Error;i=t=>{i=()=>{},u.onerror=u.onload=null,clearTimeout(d);var a=(()=>{if(o.o(e,r)&&(0!==(n=e[r])&&(e[r]=void 0),n))return n[1]})();if(a){var s=t&&(\\"load\\"===t.type?\\"missing\\":t.type),l=t&&t.target&&t.target.src;p.message=\\"Loading chunk \\"+r+\\" failed.\\\\n(\\"+s+\\": \\"+l+\\")\\",p.name=\\"ChunkLoadError\\",p.type=s,p.request=l,a(p)}};var d=setTimeout(()=>{i({type:\\"timeout\\",target:u})},12e4);u.onerror=u.onload=i,document.head.appendChild(u)}};var r=window.webpackJsonp=window.webpackJsonp||[],t=r.push.bind(r);r.push=function(r){for(var t,a,i=r[0],s=r[1],u=r[3],p=0,d=[];p<i.length;p++)a=i[p],o.o(e,a)&&e[a]&&d.push(e[a][0]),e[a]=0;for(t in s)o.o(s,t)&&(o.m[t]=s[t]);for(u&&u(o),n&&n(r);d.length;)d.shift()()};var n=t})(),o.e(598).then(o.bind(o,598)).then(()=>{console.log(\\"Good\\")})})();",
  "importExport.mjs?var=1280e476eb23728f6e82": "(()=>{\\"use strict\\"})();",
  "js.mjs?var=1280e476eb23728f6e82": "(()=>{var r={791:r=>{r.exports=function(){console.log(7)}}},o={};!function t(e){if(o[e])return o[e].exports;var n=o[e]={exports:{}};return r[e](n,n.exports,t),n.exports}(791)})();",
  "mjs.mjs?var=1280e476eb23728f6e82": "(()=>{var r={631:r=>{r.exports=function(){console.log(7)}}},o={};!function t(e){if(o[e])return o[e].exports;var n=o[e]={exports:{}};return r[e](n,n.exports,t),n.exports}(631)})();",
}
`;

exports[`test option should match snapshot and uglify "mjs": errors 1`] = `Array []`;

exports[`test option should match snapshot and uglify "mjs": warnings 1`] = `Array []`;

exports[`test option should match snapshot for a single "test" value ({String}): assets 1`] = `
Object {
  "598.598.js?ver=ce9d7983f2727e80d822": "(window[\\"webpackJsonp\\"] = window[\\"webpackJsonp\\"] || []).push([[598],{

/***/ 598:
/***/ ((__unused_webpack_module, __webpack_exports__, __webpack_require__) => {

\\"use strict\\";
__webpack_require__.r(__webpack_exports__);
/* harmony export */ __webpack_require__.d(__webpack_exports__, {
/* harmony export */   \\"default\\": () => __WEBPACK_DEFAULT_EXPORT__
/* harmony export */ });
/* harmony default export */ const __WEBPACK_DEFAULT_EXPORT__ = (\\"async-dep\\");


/***/ })

}]);",
  "AsyncImportExport.js?var=ce9d7983f2727e80d822": "/******/ (() => { // webpackBootstrap
/******/ 	\\"use strict\\";
/******/ 	var __webpack_modules__ = ({});
/************************************************************************/
/******/ 	// The module cache
/******/ 	var __webpack_module_cache__ = {};
/******/ 	
/******/ 	// The require function
/******/ 	function __webpack_require__(moduleId) {
/******/ 		// Check if module is in cache
/******/ 		if(__webpack_module_cache__[moduleId]) {
/******/ 			return __webpack_module_cache__[moduleId].exports;
/******/ 		}
/******/ 		// Create a new module (and put it into the cache)
/******/ 		var module = __webpack_module_cache__[moduleId] = {
/******/ 			// no module.id needed
/******/ 			// no module.loaded needed
/******/ 			exports: {}
/******/ 		};
/******/ 	
/******/ 		// Execute the module function
/******/ 		__webpack_modules__[moduleId](module, module.exports, __webpack_require__);
/******/ 	
/******/ 		// Return the exports of the module
/******/ 		return module.exports;
/******/ 	}
/******/ 	
/******/ 	// expose the modules object (__webpack_modules__)
/******/ 	__webpack_require__.m = __webpack_modules__;
/******/ 	
/************************************************************************/
/******/ 	/* webpack/runtime/define property getters */
/******/ 	(() => {
/******/ 		// define getter functions for harmony exports
/******/ 		__webpack_require__.d = (exports, definition) => {
/******/ 			for(var key in definition) {
/******/ 				if(__webpack_require__.o(definition, key) && !__webpack_require__.o(exports, key)) {
/******/ 					Object.defineProperty(exports, key, { enumerable: true, get: definition[key] });
/******/ 				}
/******/ 			}
/******/ 		};
/******/ 	})();
/******/ 	
/******/ 	/* webpack/runtime/ensure chunk */
/******/ 	(() => {
/******/ 		__webpack_require__.f = {};
/******/ 		// This file contains only the entry chunk.
/******/ 		// The chunk loading function for additional chunks
/******/ 		__webpack_require__.e = (chunkId) => {
/******/ 			return Promise.all(Object.keys(__webpack_require__.f).reduce((promises, key) => {
/******/ 				__webpack_require__.f[key](chunkId, promises);
/******/ 				return promises;
/******/ 			}, []));
/******/ 		};
/******/ 	})();
/******/ 	
/******/ 	/* webpack/runtime/get javascript chunk filename */
/******/ 	(() => {
/******/ 		// This function allow to reference async chunks
/******/ 		__webpack_require__.u = (chunkId) => {
/******/ 			// return url for filenames based on template
/******/ 			return \\"\\" + chunkId + \\".\\" + chunkId + \\".js?ver=\\" + __webpack_require__.h() + \\"\\";
/******/ 		};
/******/ 	})();
/******/ 	
/******/ 	/* webpack/runtime/getFullHash */
/******/ 	(() => {
/******/ 		__webpack_require__.h = () => \\"ce9d7983f2727e80d822\\"
/******/ 	})();
/******/ 	
/******/ 	/* webpack/runtime/hasOwnProperty shorthand */
/******/ 	(() => {
/******/ 		__webpack_require__.o = (obj, prop) => Object.prototype.hasOwnProperty.call(obj, prop)
/******/ 	})();
/******/ 	
/******/ 	/* webpack/runtime/make namespace object */
/******/ 	(() => {
/******/ 		// define __esModule on exports
/******/ 		__webpack_require__.r = (exports) => {
/******/ 			if(typeof Symbol !== 'undefined' && Symbol.toStringTag) {
/******/ 				Object.defineProperty(exports, Symbol.toStringTag, { value: 'Module' });
/******/ 			}
/******/ 			Object.defineProperty(exports, '__esModule', { value: true });
/******/ 		};
/******/ 	})();
/******/ 	
/******/ 	/* webpack/runtime/publicPath */
/******/ 	(() => {
/******/ 		__webpack_require__.p = \\"\\";
/******/ 	})();
/******/ 	
/******/ 	/* webpack/runtime/jsonp chunk loading */
/******/ 	(() => {
/******/ 		
/******/ 		
/******/ 		// object to store loaded and loading chunks
/******/ 		// undefined = chunk not loaded, null = chunk preloaded/prefetched
/******/ 		// Promise = chunk loading, 0 = chunk loaded
/******/ 		var installedChunks = {
/******/ 			988: 0
/******/ 		};
/******/ 		
/******/ 		
/******/ 		
/******/ 		
/******/ 		__webpack_require__.f.j = (chunkId, promises) => {
/******/ 				// JSONP chunk loading for javascript
/******/ 				var installedChunkData = __webpack_require__.o(installedChunks, chunkId) ? installedChunks[chunkId] : undefined;
/******/ 				if(installedChunkData !== 0) { // 0 means \\"already installed\\".
/******/ 		
/******/ 					// a Promise means \\"currently loading\\".
/******/ 					if(installedChunkData) {
/******/ 						promises.push(installedChunkData[2]);
/******/ 					} else {
/******/ 						if(true) { // all chunks have JS
/******/ 							// setup Promise in chunk cache
/******/ 							var promise = new Promise((resolve, reject) => {
/******/ 								installedChunkData = installedChunks[chunkId] = [resolve, reject];
/******/ 							});
/******/ 							promises.push(installedChunkData[2] = promise);
/******/ 		
/******/ 							// start chunk loading
/******/ 							var url = __webpack_require__.p + __webpack_require__.u(chunkId);
/******/ 							var loadingEnded = () => {
/******/ 								if(__webpack_require__.o(installedChunks, chunkId)) {
/******/ 									installedChunkData = installedChunks[chunkId];
/******/ 									if(installedChunkData !== 0) installedChunks[chunkId] = undefined;
/******/ 									if(installedChunkData) return installedChunkData[1];
/******/ 								}
/******/ 							};
/******/ 							var script = document.createElement('script');
/******/ 							var onScriptComplete;
/******/ 		
/******/ 							script.charset = 'utf-8';
/******/ 							script.timeout = 120;
/******/ 							if (__webpack_require__.nc) {
/******/ 								script.setAttribute(\\"nonce\\", __webpack_require__.nc);
/******/ 							}
/******/ 							script.src = url;
/******/ 		
/******/ 							// create error before stack unwound to get useful stacktrace later
/******/ 							var error = new Error();
/******/ 							onScriptComplete = (event) => {
/******/ 								onScriptComplete = () => {
/******/ 		
/******/ 								}
/******/ 								// avoid mem leaks in IE.
/******/ 								script.onerror = script.onload = null;
/******/ 								clearTimeout(timeout);
/******/ 								var reportError = loadingEnded();
/******/ 								if(reportError) {
/******/ 									var errorType = event && (event.type === 'load' ? 'missing' : event.type);
/******/ 									var realSrc = event && event.target && event.target.src;
/******/ 									error.message = 'Loading chunk ' + chunkId + ' failed.\\\\n(' + errorType + ': ' + realSrc + ')';
/******/ 									error.name = 'ChunkLoadError';
/******/ 									error.type = errorType;
/******/ 									error.request = realSrc;
/******/ 									reportError(error);
/******/ 								}
/******/ 							}
/******/ 							;
/******/ 							var timeout = setTimeout(() => {
/******/ 								onScriptComplete({ type: 'timeout', target: script })
/******/ 							}, 120000);
/******/ 							script.onerror = script.onload = onScriptComplete;
/******/ 							document.head.appendChild(script);
/******/ 						} else installedChunks[chunkId] = 0;
/******/ 		
/******/ 						// no HMR
/******/ 					}
/******/ 				}
/******/ 		
/******/ 				// no chunk preloading needed
/******/ 		};
/******/ 		
/******/ 		// no prefetching
/******/ 		
/******/ 		// no HMR
/******/ 		
/******/ 		// no HMR manifest
/******/ 		
/******/ 		// no deferred startup or startup prefetching
/******/ 		
/******/ 		// install a JSONP callback for chunk loading
/******/ 		function webpackJsonpCallback(data) {
/******/ 			var chunkIds = data[0];
/******/ 			var moreModules = data[1];
/******/ 		
/******/ 			var runtime = data[3];
/******/ 		
/******/ 			// add \\"moreModules\\" to the modules object,
/******/ 			// then flag all \\"chunkIds\\" as loaded and fire callback
/******/ 			var moduleId, chunkId, i = 0, resolves = [];
/******/ 			for(;i < chunkIds.length; i++) {
/******/ 				chunkId = chunkIds[i];
/******/ 				if(__webpack_require__.o(installedChunks, chunkId) && installedChunks[chunkId]) {
/******/ 					resolves.push(installedChunks[chunkId][0]);
/******/ 				}
/******/ 				installedChunks[chunkId] = 0;
/******/ 			}
/******/ 			for(moduleId in moreModules) {
/******/ 				if(__webpack_require__.o(moreModules, moduleId)) {
/******/ 					__webpack_require__.m[moduleId] = moreModules[moduleId];
/******/ 				}
/******/ 			}
/******/ 			if(runtime) runtime(__webpack_require__);
/******/ 			if(parentJsonpFunction) parentJsonpFunction(data);
/******/ 		
/******/ 			while(resolves.length) {
/******/ 				resolves.shift()();
/******/ 			}
/******/ 		
/******/ 		};
/******/ 		
/******/ 		var jsonpArray = window[\\"webpackJsonp\\"] = window[\\"webpackJsonp\\"] || [];
/******/ 		var oldJsonpFunction = jsonpArray.push.bind(jsonpArray);
/******/ 		jsonpArray.push = webpackJsonpCallback;
/******/ 		
/******/ 		var parentJsonpFunction = oldJsonpFunction;
/******/ 	})();
/******/ 	
/************************************************************************/
__webpack_require__.e(/* import() */ 598).then(__webpack_require__.bind(__webpack_require__, 598)).then(() => {
  console.log('Good')
});

/* unused harmony default export */ var _unused_webpack_default_export = (\\"Awesome\\");

/******/ })()
;",
  "importExport.js?var=ce9d7983f2727e80d822": "/******/ (() => { // webpackBootstrap
/******/ 	\\"use strict\\";

// CONCATENATED MODULE: ./test/fixtures/import-export/dep.js
const bar = /* unused pure expression */ undefined && ('bar');
/* harmony default export */ const dep = ('foo');

// CONCATENATED MODULE: ./test/fixtures/import-export/entry.js


function Foo() {
  const b = /* unused export */ undefined;
  const baz = \`baz\${Math.random()}\`;
  return () => {
    return {
      a: b + /* unused export */ undefined + baz,
      b,
      baz,
    };
  };
}

/* harmony default export */ const entry = (Foo);

/******/ })()
;",
  "js.js?var=ce9d7983f2727e80d822": "(()=>{var r={791:r=>{r.exports=function(){console.log(7)}}},o={};!function t(e){if(o[e])return o[e].exports;var n=o[e]={exports:{}};return r[e](n,n.exports,t),n.exports}(791)})();",
  "mjs.js?var=ce9d7983f2727e80d822": "/******/ (() => { // webpackBootstrap
/******/ 	var __webpack_modules__ = ({

/***/ 631:
/***/ ((module) => {

// foo
/* @preserve*/
// bar
const a = 2 + 2;

module.exports = function Foo() {
  const b = 2 + 2;
  console.log(b + 1 + 2);
};


/***/ })

/******/ 	});
/************************************************************************/
/******/ 	// The module cache
/******/ 	var __webpack_module_cache__ = {};
/******/ 	
/******/ 	// The require function
/******/ 	function __webpack_require__(moduleId) {
/******/ 		// Check if module is in cache
/******/ 		if(__webpack_module_cache__[moduleId]) {
/******/ 			return __webpack_module_cache__[moduleId].exports;
/******/ 		}
/******/ 		// Create a new module (and put it into the cache)
/******/ 		var module = __webpack_module_cache__[moduleId] = {
/******/ 			// no module.id needed
/******/ 			// no module.loaded needed
/******/ 			exports: {}
/******/ 		};
/******/ 	
/******/ 		// Execute the module function
/******/ 		__webpack_modules__[moduleId](module, module.exports, __webpack_require__);
/******/ 	
/******/ 		// Return the exports of the module
/******/ 		return module.exports;
/******/ 	}
/******/ 	
/************************************************************************/
/******/ 	// startup
/******/ 	// Load entry module
/******/ 	// This entry module is referenced by other modules so it can't be inlined
/******/ 	__webpack_require__(631);
/******/ })()
;",
}
`;

exports[`test option should match snapshot for a single "test" value ({String}): errors 1`] = `Array []`;

exports[`test option should match snapshot for a single "test" value ({String}): warnings 1`] = `Array []`;

exports[`test option should match snapshot for a single \`test\` value ({RegExp}): assets 1`] = `
Object {
  "598.598.js?ver=ce9d7983f2727e80d822": "(window[\\"webpackJsonp\\"] = window[\\"webpackJsonp\\"] || []).push([[598],{

/***/ 598:
/***/ ((__unused_webpack_module, __webpack_exports__, __webpack_require__) => {

\\"use strict\\";
__webpack_require__.r(__webpack_exports__);
/* harmony export */ __webpack_require__.d(__webpack_exports__, {
/* harmony export */   \\"default\\": () => __WEBPACK_DEFAULT_EXPORT__
/* harmony export */ });
/* harmony default export */ const __WEBPACK_DEFAULT_EXPORT__ = (\\"async-dep\\");


/***/ })

}]);",
  "AsyncImportExport.js?var=ce9d7983f2727e80d822": "/******/ (() => { // webpackBootstrap
/******/ 	\\"use strict\\";
/******/ 	var __webpack_modules__ = ({});
/************************************************************************/
/******/ 	// The module cache
/******/ 	var __webpack_module_cache__ = {};
/******/ 	
/******/ 	// The require function
/******/ 	function __webpack_require__(moduleId) {
/******/ 		// Check if module is in cache
/******/ 		if(__webpack_module_cache__[moduleId]) {
/******/ 			return __webpack_module_cache__[moduleId].exports;
/******/ 		}
/******/ 		// Create a new module (and put it into the cache)
/******/ 		var module = __webpack_module_cache__[moduleId] = {
/******/ 			// no module.id needed
/******/ 			// no module.loaded needed
/******/ 			exports: {}
/******/ 		};
/******/ 	
/******/ 		// Execute the module function
/******/ 		__webpack_modules__[moduleId](module, module.exports, __webpack_require__);
/******/ 	
/******/ 		// Return the exports of the module
/******/ 		return module.exports;
/******/ 	}
/******/ 	
/******/ 	// expose the modules object (__webpack_modules__)
/******/ 	__webpack_require__.m = __webpack_modules__;
/******/ 	
/************************************************************************/
/******/ 	/* webpack/runtime/define property getters */
/******/ 	(() => {
/******/ 		// define getter functions for harmony exports
/******/ 		__webpack_require__.d = (exports, definition) => {
/******/ 			for(var key in definition) {
/******/ 				if(__webpack_require__.o(definition, key) && !__webpack_require__.o(exports, key)) {
/******/ 					Object.defineProperty(exports, key, { enumerable: true, get: definition[key] });
/******/ 				}
/******/ 			}
/******/ 		};
/******/ 	})();
/******/ 	
/******/ 	/* webpack/runtime/ensure chunk */
/******/ 	(() => {
/******/ 		__webpack_require__.f = {};
/******/ 		// This file contains only the entry chunk.
/******/ 		// The chunk loading function for additional chunks
/******/ 		__webpack_require__.e = (chunkId) => {
/******/ 			return Promise.all(Object.keys(__webpack_require__.f).reduce((promises, key) => {
/******/ 				__webpack_require__.f[key](chunkId, promises);
/******/ 				return promises;
/******/ 			}, []));
/******/ 		};
/******/ 	})();
/******/ 	
/******/ 	/* webpack/runtime/get javascript chunk filename */
/******/ 	(() => {
/******/ 		// This function allow to reference async chunks
/******/ 		__webpack_require__.u = (chunkId) => {
/******/ 			// return url for filenames based on template
/******/ 			return \\"\\" + chunkId + \\".\\" + chunkId + \\".js?ver=\\" + __webpack_require__.h() + \\"\\";
/******/ 		};
/******/ 	})();
/******/ 	
/******/ 	/* webpack/runtime/getFullHash */
/******/ 	(() => {
/******/ 		__webpack_require__.h = () => \\"ce9d7983f2727e80d822\\"
/******/ 	})();
/******/ 	
/******/ 	/* webpack/runtime/hasOwnProperty shorthand */
/******/ 	(() => {
/******/ 		__webpack_require__.o = (obj, prop) => Object.prototype.hasOwnProperty.call(obj, prop)
/******/ 	})();
/******/ 	
/******/ 	/* webpack/runtime/make namespace object */
/******/ 	(() => {
/******/ 		// define __esModule on exports
/******/ 		__webpack_require__.r = (exports) => {
/******/ 			if(typeof Symbol !== 'undefined' && Symbol.toStringTag) {
/******/ 				Object.defineProperty(exports, Symbol.toStringTag, { value: 'Module' });
/******/ 			}
/******/ 			Object.defineProperty(exports, '__esModule', { value: true });
/******/ 		};
/******/ 	})();
/******/ 	
/******/ 	/* webpack/runtime/publicPath */
/******/ 	(() => {
/******/ 		__webpack_require__.p = \\"\\";
/******/ 	})();
/******/ 	
/******/ 	/* webpack/runtime/jsonp chunk loading */
/******/ 	(() => {
/******/ 		
/******/ 		
/******/ 		// object to store loaded and loading chunks
/******/ 		// undefined = chunk not loaded, null = chunk preloaded/prefetched
/******/ 		// Promise = chunk loading, 0 = chunk loaded
/******/ 		var installedChunks = {
/******/ 			988: 0
/******/ 		};
/******/ 		
/******/ 		
/******/ 		
/******/ 		
/******/ 		__webpack_require__.f.j = (chunkId, promises) => {
/******/ 				// JSONP chunk loading for javascript
/******/ 				var installedChunkData = __webpack_require__.o(installedChunks, chunkId) ? installedChunks[chunkId] : undefined;
/******/ 				if(installedChunkData !== 0) { // 0 means \\"already installed\\".
/******/ 		
/******/ 					// a Promise means \\"currently loading\\".
/******/ 					if(installedChunkData) {
/******/ 						promises.push(installedChunkData[2]);
/******/ 					} else {
/******/ 						if(true) { // all chunks have JS
/******/ 							// setup Promise in chunk cache
/******/ 							var promise = new Promise((resolve, reject) => {
/******/ 								installedChunkData = installedChunks[chunkId] = [resolve, reject];
/******/ 							});
/******/ 							promises.push(installedChunkData[2] = promise);
/******/ 		
/******/ 							// start chunk loading
/******/ 							var url = __webpack_require__.p + __webpack_require__.u(chunkId);
/******/ 							var loadingEnded = () => {
/******/ 								if(__webpack_require__.o(installedChunks, chunkId)) {
/******/ 									installedChunkData = installedChunks[chunkId];
/******/ 									if(installedChunkData !== 0) installedChunks[chunkId] = undefined;
/******/ 									if(installedChunkData) return installedChunkData[1];
/******/ 								}
/******/ 							};
/******/ 							var script = document.createElement('script');
/******/ 							var onScriptComplete;
/******/ 		
/******/ 							script.charset = 'utf-8';
/******/ 							script.timeout = 120;
/******/ 							if (__webpack_require__.nc) {
/******/ 								script.setAttribute(\\"nonce\\", __webpack_require__.nc);
/******/ 							}
/******/ 							script.src = url;
/******/ 		
/******/ 							// create error before stack unwound to get useful stacktrace later
/******/ 							var error = new Error();
/******/ 							onScriptComplete = (event) => {
/******/ 								onScriptComplete = () => {
/******/ 		
/******/ 								}
/******/ 								// avoid mem leaks in IE.
/******/ 								script.onerror = script.onload = null;
/******/ 								clearTimeout(timeout);
/******/ 								var reportError = loadingEnded();
/******/ 								if(reportError) {
/******/ 									var errorType = event && (event.type === 'load' ? 'missing' : event.type);
/******/ 									var realSrc = event && event.target && event.target.src;
/******/ 									error.message = 'Loading chunk ' + chunkId + ' failed.\\\\n(' + errorType + ': ' + realSrc + ')';
/******/ 									error.name = 'ChunkLoadError';
/******/ 									error.type = errorType;
/******/ 									error.request = realSrc;
/******/ 									reportError(error);
/******/ 								}
/******/ 							}
/******/ 							;
/******/ 							var timeout = setTimeout(() => {
/******/ 								onScriptComplete({ type: 'timeout', target: script })
/******/ 							}, 120000);
/******/ 							script.onerror = script.onload = onScriptComplete;
/******/ 							document.head.appendChild(script);
/******/ 						} else installedChunks[chunkId] = 0;
/******/ 		
/******/ 						// no HMR
/******/ 					}
/******/ 				}
/******/ 		
/******/ 				// no chunk preloading needed
/******/ 		};
/******/ 		
/******/ 		// no prefetching
/******/ 		
/******/ 		// no HMR
/******/ 		
/******/ 		// no HMR manifest
/******/ 		
/******/ 		// no deferred startup or startup prefetching
/******/ 		
/******/ 		// install a JSONP callback for chunk loading
/******/ 		function webpackJsonpCallback(data) {
/******/ 			var chunkIds = data[0];
/******/ 			var moreModules = data[1];
/******/ 		
/******/ 			var runtime = data[3];
/******/ 		
/******/ 			// add \\"moreModules\\" to the modules object,
/******/ 			// then flag all \\"chunkIds\\" as loaded and fire callback
/******/ 			var moduleId, chunkId, i = 0, resolves = [];
/******/ 			for(;i < chunkIds.length; i++) {
/******/ 				chunkId = chunkIds[i];
/******/ 				if(__webpack_require__.o(installedChunks, chunkId) && installedChunks[chunkId]) {
/******/ 					resolves.push(installedChunks[chunkId][0]);
/******/ 				}
/******/ 				installedChunks[chunkId] = 0;
/******/ 			}
/******/ 			for(moduleId in moreModules) {
/******/ 				if(__webpack_require__.o(moreModules, moduleId)) {
/******/ 					__webpack_require__.m[moduleId] = moreModules[moduleId];
/******/ 				}
/******/ 			}
/******/ 			if(runtime) runtime(__webpack_require__);
/******/ 			if(parentJsonpFunction) parentJsonpFunction(data);
/******/ 		
/******/ 			while(resolves.length) {
/******/ 				resolves.shift()();
/******/ 			}
/******/ 		
/******/ 		};
/******/ 		
/******/ 		var jsonpArray = window[\\"webpackJsonp\\"] = window[\\"webpackJsonp\\"] || [];
/******/ 		var oldJsonpFunction = jsonpArray.push.bind(jsonpArray);
/******/ 		jsonpArray.push = webpackJsonpCallback;
/******/ 		
/******/ 		var parentJsonpFunction = oldJsonpFunction;
/******/ 	})();
/******/ 	
/************************************************************************/
__webpack_require__.e(/* import() */ 598).then(__webpack_require__.bind(__webpack_require__, 598)).then(() => {
  console.log('Good')
});

/* unused harmony default export */ var _unused_webpack_default_export = (\\"Awesome\\");

/******/ })()
;",
  "importExport.js?var=ce9d7983f2727e80d822": "/******/ (() => { // webpackBootstrap
/******/ 	\\"use strict\\";

// CONCATENATED MODULE: ./test/fixtures/import-export/dep.js
const bar = /* unused pure expression */ undefined && ('bar');
/* harmony default export */ const dep = ('foo');

// CONCATENATED MODULE: ./test/fixtures/import-export/entry.js


function Foo() {
  const b = /* unused export */ undefined;
  const baz = \`baz\${Math.random()}\`;
  return () => {
    return {
      a: b + /* unused export */ undefined + baz,
      b,
      baz,
    };
  };
}

/* harmony default export */ const entry = (Foo);

/******/ })()
;",
  "js.js?var=ce9d7983f2727e80d822": "(()=>{var r={791:r=>{r.exports=function(){console.log(7)}}},o={};!function t(e){if(o[e])return o[e].exports;var n=o[e]={exports:{}};return r[e](n,n.exports,t),n.exports}(791)})();",
  "mjs.js?var=ce9d7983f2727e80d822": "(()=>{var r={631:r=>{r.exports=function(){console.log(7)}}},o={};!function t(e){if(o[e])return o[e].exports;var n=o[e]={exports:{}};return r[e](n,n.exports,t),n.exports}(631)})();",
}
`;

exports[`test option should match snapshot for a single \`test\` value ({RegExp}): errors 1`] = `Array []`;

exports[`test option should match snapshot for a single \`test\` value ({RegExp}): warnings 1`] = `Array []`;

exports[`test option should match snapshot for multiple "test" values ({RegExp}): assets 1`] = `
Object {
  "598.598.js?ver=ce9d7983f2727e80d822": "(window[\\"webpackJsonp\\"] = window[\\"webpackJsonp\\"] || []).push([[598],{

/***/ 598:
/***/ ((__unused_webpack_module, __webpack_exports__, __webpack_require__) => {

\\"use strict\\";
__webpack_require__.r(__webpack_exports__);
/* harmony export */ __webpack_require__.d(__webpack_exports__, {
/* harmony export */   \\"default\\": () => __WEBPACK_DEFAULT_EXPORT__
/* harmony export */ });
/* harmony default export */ const __WEBPACK_DEFAULT_EXPORT__ = (\\"async-dep\\");


/***/ })

}]);",
  "AsyncImportExport.js?var=ce9d7983f2727e80d822": "(()=>{\\"use strict\\";var e={},r={};function o(t){if(r[t])return r[t].exports;var n=r[t]={exports:{}};return e[t](n,n.exports,o),n.exports}o.m=e,o.d=(e,r)=>{for(var t in r)o.o(r,t)&&!o.o(e,t)&&Object.defineProperty(e,t,{enumerable:!0,get:r[t]})},o.f={},o.e=e=>Promise.all(Object.keys(o.f).reduce((r,t)=>(o.f[t](e,r),r),[])),o.u=e=>e+\\".\\"+e+\\".js?ver=\\"+o.h(),o.h=()=>\\"ce9d7983f2727e80d822\\",o.o=(e,r)=>Object.prototype.hasOwnProperty.call(e,r),o.r=e=>{\\"undefined\\"!=typeof Symbol&&Symbol.toStringTag&&Object.defineProperty(e,Symbol.toStringTag,{value:\\"Module\\"}),Object.defineProperty(e,\\"__esModule\\",{value:!0})},o.p=\\"\\",(()=>{var e={988:0};o.f.j=(r,t)=>{var n=o.o(e,r)?e[r]:void 0;if(0!==n)if(n)t.push(n[2]);else{var a=new Promise((o,t)=>{n=e[r]=[o,t]});t.push(n[2]=a);var i,s=o.p+o.u(r),u=document.createElement(\\"script\\");u.charset=\\"utf-8\\",u.timeout=120,o.nc&&u.setAttribute(\\"nonce\\",o.nc),u.src=s;var d=new Error;i=t=>{i=()=>{},u.onerror=u.onload=null,clearTimeout(p);var a=(()=>{if(o.o(e,r)&&(0!==(n=e[r])&&(e[r]=void 0),n))return n[1]})();if(a){var s=t&&(\\"load\\"===t.type?\\"missing\\":t.type),c=t&&t.target&&t.target.src;d.message=\\"Loading chunk \\"+r+\\" failed.\\\\n(\\"+s+\\": \\"+c+\\")\\",d.name=\\"ChunkLoadError\\",d.type=s,d.request=c,a(d)}};var p=setTimeout(()=>{i({type:\\"timeout\\",target:u})},12e4);u.onerror=u.onload=i,document.head.appendChild(u)}};var r=window.webpackJsonp=window.webpackJsonp||[],t=r.push.bind(r);r.push=function(r){for(var t,a,i=r[0],s=r[1],u=r[3],d=0,p=[];d<i.length;d++)a=i[d],o.o(e,a)&&e[a]&&p.push(e[a][0]),e[a]=0;for(t in s)o.o(s,t)&&(o.m[t]=s[t]);for(u&&u(o),n&&n(r);p.length;)p.shift()()};var n=t})(),o.e(598).then(o.bind(o,598)).then(()=>{console.log(\\"Good\\")})})();",
  "importExport.js?var=ce9d7983f2727e80d822": "/******/ (() => { // webpackBootstrap
/******/ 	\\"use strict\\";

// CONCATENATED MODULE: ./test/fixtures/import-export/dep.js
const bar = /* unused pure expression */ undefined && ('bar');
/* harmony default export */ const dep = ('foo');

// CONCATENATED MODULE: ./test/fixtures/import-export/entry.js


function Foo() {
  const b = /* unused export */ undefined;
  const baz = \`baz\${Math.random()}\`;
  return () => {
    return {
      a: b + /* unused export */ undefined + baz,
      b,
      baz,
    };
  };
}

/* harmony default export */ const entry = (Foo);

/******/ })()
;",
  "js.js?var=ce9d7983f2727e80d822": "(()=>{var r={791:r=>{r.exports=function(){console.log(7)}}},o={};!function t(e){if(o[e])return o[e].exports;var n=o[e]={exports:{}};return r[e](n,n.exports,t),n.exports}(791)})();",
  "mjs.js?var=ce9d7983f2727e80d822": "(()=>{var r={631:r=>{r.exports=function(){console.log(7)}}},o={};!function t(e){if(o[e])return o[e].exports;var n=o[e]={exports:{}};return r[e](n,n.exports,t),n.exports}(631)})();",
}
`;

exports[`test option should match snapshot for multiple "test" values ({RegExp}): errors 1`] = `Array []`;

exports[`test option should match snapshot for multiple "test" values ({RegExp}): warnings 1`] = `Array []`;

exports[`test option should match snapshot for multiple "test" values ({String}): assets 1`] = `
Object {
  "598.598.js?ver=ce9d7983f2727e80d822": "(window[\\"webpackJsonp\\"] = window[\\"webpackJsonp\\"] || []).push([[598],{

/***/ 598:
/***/ ((__unused_webpack_module, __webpack_exports__, __webpack_require__) => {

\\"use strict\\";
__webpack_require__.r(__webpack_exports__);
/* harmony export */ __webpack_require__.d(__webpack_exports__, {
/* harmony export */   \\"default\\": () => __WEBPACK_DEFAULT_EXPORT__
/* harmony export */ });
/* harmony default export */ const __WEBPACK_DEFAULT_EXPORT__ = (\\"async-dep\\");


/***/ })

}]);",
  "AsyncImportExport.js?var=ce9d7983f2727e80d822": "(()=>{\\"use strict\\";var e={},r={};function o(t){if(r[t])return r[t].exports;var n=r[t]={exports:{}};return e[t](n,n.exports,o),n.exports}o.m=e,o.d=(e,r)=>{for(var t in r)o.o(r,t)&&!o.o(e,t)&&Object.defineProperty(e,t,{enumerable:!0,get:r[t]})},o.f={},o.e=e=>Promise.all(Object.keys(o.f).reduce((r,t)=>(o.f[t](e,r),r),[])),o.u=e=>e+\\".\\"+e+\\".js?ver=\\"+o.h(),o.h=()=>\\"ce9d7983f2727e80d822\\",o.o=(e,r)=>Object.prototype.hasOwnProperty.call(e,r),o.r=e=>{\\"undefined\\"!=typeof Symbol&&Symbol.toStringTag&&Object.defineProperty(e,Symbol.toStringTag,{value:\\"Module\\"}),Object.defineProperty(e,\\"__esModule\\",{value:!0})},o.p=\\"\\",(()=>{var e={988:0};o.f.j=(r,t)=>{var n=o.o(e,r)?e[r]:void 0;if(0!==n)if(n)t.push(n[2]);else{var a=new Promise((o,t)=>{n=e[r]=[o,t]});t.push(n[2]=a);var i,s=o.p+o.u(r),u=document.createElement(\\"script\\");u.charset=\\"utf-8\\",u.timeout=120,o.nc&&u.setAttribute(\\"nonce\\",o.nc),u.src=s;var d=new Error;i=t=>{i=()=>{},u.onerror=u.onload=null,clearTimeout(p);var a=(()=>{if(o.o(e,r)&&(0!==(n=e[r])&&(e[r]=void 0),n))return n[1]})();if(a){var s=t&&(\\"load\\"===t.type?\\"missing\\":t.type),c=t&&t.target&&t.target.src;d.message=\\"Loading chunk \\"+r+\\" failed.\\\\n(\\"+s+\\": \\"+c+\\")\\",d.name=\\"ChunkLoadError\\",d.type=s,d.request=c,a(d)}};var p=setTimeout(()=>{i({type:\\"timeout\\",target:u})},12e4);u.onerror=u.onload=i,document.head.appendChild(u)}};var r=window.webpackJsonp=window.webpackJsonp||[],t=r.push.bind(r);r.push=function(r){for(var t,a,i=r[0],s=r[1],u=r[3],d=0,p=[];d<i.length;d++)a=i[d],o.o(e,a)&&e[a]&&p.push(e[a][0]),e[a]=0;for(t in s)o.o(s,t)&&(o.m[t]=s[t]);for(u&&u(o),n&&n(r);p.length;)p.shift()()};var n=t})(),o.e(598).then(o.bind(o,598)).then(()=>{console.log(\\"Good\\")})})();",
  "importExport.js?var=ce9d7983f2727e80d822": "/******/ (() => { // webpackBootstrap
/******/ 	\\"use strict\\";

// CONCATENATED MODULE: ./test/fixtures/import-export/dep.js
const bar = /* unused pure expression */ undefined && ('bar');
/* harmony default export */ const dep = ('foo');

// CONCATENATED MODULE: ./test/fixtures/import-export/entry.js


function Foo() {
  const b = /* unused export */ undefined;
  const baz = \`baz\${Math.random()}\`;
  return () => {
    return {
      a: b + /* unused export */ undefined + baz,
      b,
      baz,
    };
  };
}

/* harmony default export */ const entry = (Foo);

/******/ })()
;",
  "js.js?var=ce9d7983f2727e80d822": "(()=>{var r={791:r=>{r.exports=function(){console.log(7)}}},o={};!function t(e){if(o[e])return o[e].exports;var n=o[e]={exports:{}};return r[e](n,n.exports,t),n.exports}(791)})();",
  "mjs.js?var=ce9d7983f2727e80d822": "/******/ (() => { // webpackBootstrap
/******/ 	var __webpack_modules__ = ({

/***/ 631:
/***/ ((module) => {

// foo
/* @preserve*/
// bar
const a = 2 + 2;

module.exports = function Foo() {
  const b = 2 + 2;
  console.log(b + 1 + 2);
};


/***/ })

/******/ 	});
/************************************************************************/
/******/ 	// The module cache
/******/ 	var __webpack_module_cache__ = {};
/******/ 	
/******/ 	// The require function
/******/ 	function __webpack_require__(moduleId) {
/******/ 		// Check if module is in cache
/******/ 		if(__webpack_module_cache__[moduleId]) {
/******/ 			return __webpack_module_cache__[moduleId].exports;
/******/ 		}
/******/ 		// Create a new module (and put it into the cache)
/******/ 		var module = __webpack_module_cache__[moduleId] = {
/******/ 			// no module.id needed
/******/ 			// no module.loaded needed
/******/ 			exports: {}
/******/ 		};
/******/ 	
/******/ 		// Execute the module function
/******/ 		__webpack_modules__[moduleId](module, module.exports, __webpack_require__);
/******/ 	
/******/ 		// Return the exports of the module
/******/ 		return module.exports;
/******/ 	}
/******/ 	
/************************************************************************/
/******/ 	// startup
/******/ 	// Load entry module
/******/ 	// This entry module is referenced by other modules so it can't be inlined
/******/ 	__webpack_require__(631);
/******/ })()
;",
}
`;

exports[`test option should match snapshot for multiple "test" values ({String}): errors 1`] = `Array []`;

exports[`test option should match snapshot for multiple "test" values ({String}): warnings 1`] = `Array []`;

exports[`test option should match snapshot with empty value: assets 1`] = `
Object {
  "598.598.js?ver=ce9d7983f2727e80d822": "(window.webpackJsonp=window.webpackJsonp||[]).push([[598],{598:(s,n,p)=>{\\"use strict\\";p.r(n),p.d(n,{default:()=>w});const w=\\"async-dep\\"}}]);",
  "AsyncImportExport.js?var=ce9d7983f2727e80d822": "(()=>{\\"use strict\\";var e={},r={};function o(t){if(r[t])return r[t].exports;var n=r[t]={exports:{}};return e[t](n,n.exports,o),n.exports}o.m=e,o.d=(e,r)=>{for(var t in r)o.o(r,t)&&!o.o(e,t)&&Object.defineProperty(e,t,{enumerable:!0,get:r[t]})},o.f={},o.e=e=>Promise.all(Object.keys(o.f).reduce((r,t)=>(o.f[t](e,r),r),[])),o.u=e=>e+\\".\\"+e+\\".js?ver=\\"+o.h(),o.h=()=>\\"ce9d7983f2727e80d822\\",o.o=(e,r)=>Object.prototype.hasOwnProperty.call(e,r),o.r=e=>{\\"undefined\\"!=typeof Symbol&&Symbol.toStringTag&&Object.defineProperty(e,Symbol.toStringTag,{value:\\"Module\\"}),Object.defineProperty(e,\\"__esModule\\",{value:!0})},o.p=\\"\\",(()=>{var e={988:0};o.f.j=(r,t)=>{var n=o.o(e,r)?e[r]:void 0;if(0!==n)if(n)t.push(n[2]);else{var a=new Promise((o,t)=>{n=e[r]=[o,t]});t.push(n[2]=a);var i,s=o.p+o.u(r),u=document.createElement(\\"script\\");u.charset=\\"utf-8\\",u.timeout=120,o.nc&&u.setAttribute(\\"nonce\\",o.nc),u.src=s;var d=new Error;i=t=>{i=()=>{},u.onerror=u.onload=null,clearTimeout(p);var a=(()=>{if(o.o(e,r)&&(0!==(n=e[r])&&(e[r]=void 0),n))return n[1]})();if(a){var s=t&&(\\"load\\"===t.type?\\"missing\\":t.type),c=t&&t.target&&t.target.src;d.message=\\"Loading chunk \\"+r+\\" failed.\\\\n(\\"+s+\\": \\"+c+\\")\\",d.name=\\"ChunkLoadError\\",d.type=s,d.request=c,a(d)}};var p=setTimeout(()=>{i({type:\\"timeout\\",target:u})},12e4);u.onerror=u.onload=i,document.head.appendChild(u)}};var r=window.webpackJsonp=window.webpackJsonp||[],t=r.push.bind(r);r.push=function(r){for(var t,a,i=r[0],s=r[1],u=r[3],d=0,p=[];d<i.length;d++)a=i[d],o.o(e,a)&&e[a]&&p.push(e[a][0]),e[a]=0;for(t in s)o.o(s,t)&&(o.m[t]=s[t]);for(u&&u(o),n&&n(r);p.length;)p.shift()()};var n=t})(),o.e(598).then(o.bind(o,598)).then(()=>{console.log(\\"Good\\")})})();",
  "importExport.js?var=ce9d7983f2727e80d822": "(()=>{\\"use strict\\"})();",
  "js.js?var=ce9d7983f2727e80d822": "(()=>{var r={791:r=>{r.exports=function(){console.log(7)}}},o={};!function t(e){if(o[e])return o[e].exports;var n=o[e]={exports:{}};return r[e](n,n.exports,t),n.exports}(791)})();",
  "mjs.js?var=ce9d7983f2727e80d822": "(()=>{var r={631:r=>{r.exports=function(){console.log(7)}}},o={};!function t(e){if(o[e])return o[e].exports;var n=o[e]={exports:{}};return r[e](n,n.exports,t),n.exports}(631)})();",
}
`;

exports[`test option should match snapshot with empty value: errors 1`] = `Array []`;

exports[`test option should match snapshot with empty value: warnings 1`] = `Array []`;
