// Jest Snapshot v1, https://goo.gl/fbAQLP

exports[`extractComments option should work with the existing licenses file: assets 1`] = `
Object {
  "chunks/627.627.js": "/*! For license information please see ../licenses.txt */
(self.webpackChunkterser_webpack_plugin=self.webpackChunkterser_webpack_plugin||[]).push([[627],{627:e=>{e.exports=Math.random()}}]);",
  "filename/four.js": "/*! For license information please see ../licenses.txt */
(()=>{var r={712:r=>{r.exports=Math.random()}},t={};!function e(o){if(t[o])return t[o].exports;var n=t[o]={exports:{}};return r[o](n,n.exports,e),n.exports}(712)})();",
  "filename/one.js": "/*! For license information please see ../licenses.txt */
(()=>{var e,r,t={900:(e,r,t)=>{t.e(627).then(t.t.bind(t,627,7)),e.exports=Math.random()}},o={};function n(e){if(o[e])return o[e].exports;var r=o[e]={exports:{}};return t[e](r,r.exports,n),r.exports}n.m=t,n.t=function(e,r){if(1&r&&(e=this(e)),8&r)return e;if(4&r&&\\"object\\"==typeof e&&e&&e.__esModule)return e;var t=Object.create(null);n.r(t);var o={};if(2&r&&\\"object\\"==typeof e&&e)for(const r in e)o[r]=()=>e[r];return o.default=()=>e,n.d(t,o),t},n.d=(e,r)=>{for(var t in r)n.o(r,t)&&!n.o(e,t)&&Object.defineProperty(e,t,{enumerable:!0,get:r[t]})},n.f={},n.e=e=>Promise.all(Object.keys(n.f).reduce(((r,t)=>(n.f[t](e,r),r)),[])),n.u=e=>\\"chunks/\\"+e+\\".\\"+e+\\".js\\",n.g=function(){if(\\"object\\"==typeof globalThis)return globalThis;try{return this||new Function(\\"return this\\")()}catch(e){if(\\"object\\"==typeof window)return window}}(),n.o=(e,r)=>Object.prototype.hasOwnProperty.call(e,r),e={},r=\\"terser-webpack-plugin:\\",n.l=(t,o,a)=>{if(e[t])e[t].push(o);else{var i,u;if(void 0!==a)for(var c=document.getElementsByTagName(\\"script\\"),l=0;l<c.length;l++){var s=c[l];if(s.getAttribute(\\"src\\")==t||s.getAttribute(\\"data-webpack\\")==r+a){i=s;break}}i||(u=!0,(i=document.createElement(\\"script\\")).charset=\\"utf-8\\",i.timeout=120,n.nc&&i.setAttribute(\\"nonce\\",n.nc),i.setAttribute(\\"data-webpack\\",r+a),i.src=t),e[t]=[o];var p=(r,o)=>{i.onerror=i.onload=null,clearTimeout(d);var n=e[t];if(delete e[t],i.parentNode&&i.parentNode.removeChild(i),n&&n.forEach((e=>e(o))),r)return r(o)},d=setTimeout(p.bind(null,void 0,{type:\\"timeout\\",target:i}),12e4);i.onerror=p.bind(null,i.onerror),i.onload=p.bind(null,i.onload),u&&document.head.appendChild(i)}},n.r=e=>{\\"undefined\\"!=typeof Symbol&&Symbol.toStringTag&&Object.defineProperty(e,Symbol.toStringTag,{value:\\"Module\\"}),Object.defineProperty(e,\\"__esModule\\",{value:!0})},(()=>{var e;n.g.importScripts&&(e=n.g.location+\\"\\");var r=n.g.document;if(!e&&r&&(r.currentScript&&(e=r.currentScript.src),!e)){var t=r.getElementsByTagName(\\"script\\");t.length&&(e=t[t.length-1].src)}if(!e)throw new Error(\\"Automatic publicPath is not supported in this browser\\");e=e.replace(/#.*$/,\\"\\").replace(/\\\\?.*$/,\\"\\").replace(/\\\\/[^\\\\/]+$/,\\"/\\"),n.p=e+\\"../\\"})(),(()=>{var e={255:0};n.f.j=(r,t)=>{var o=n.o(e,r)?e[r]:void 0;if(0!==o)if(o)t.push(o[2]);else{var a=new Promise(((t,n)=>{o=e[r]=[t,n]}));t.push(o[2]=a);var i=n.p+n.u(r),u=new Error;n.l(i,(t=>{if(n.o(e,r)&&(0!==(o=e[r])&&(e[r]=void 0),o)){var a=t&&(\\"load\\"===t.type?\\"missing\\":t.type),i=t&&t.target&&t.target.src;u.message=\\"Loading chunk \\"+r+\\" failed.\\\\n(\\"+a+\\": \\"+i+\\")\\",u.name=\\"ChunkLoadError\\",u.type=a,u.request=i,o[1](u)}}),\\"chunk-\\"+r)}};var r=self.webpackChunkterser_webpack_plugin=self.webpackChunkterser_webpack_plugin||[],t=r.push.bind(r);r.push=r=>{for(var o,a,[i,u,c]=r,l=0,s=[];l<i.length;l++)a=i[l],n.o(e,a)&&e[a]&&s.push(e[a][0]),e[a]=0;for(o in u)n.o(u,o)&&(n.m[o]=u[o]);for(c&&c(n),t(r);s.length;)s.shift()()}})(),n(900)})();",
  "filename/three.js": "/*! For license information please see ../licenses.txt */
(()=>{var r={787:r=>{r.exports=Math.random()}},t={};!function e(o){if(t[o])return t[o].exports;var n=t[o]={exports:{}};return r[o](n,n.exports,e),n.exports}(787)})();",
  "filename/two.js": "/*! For license information please see ../licenses.txt */
(()=>{var r={353:r=>{r.exports=Math.random()}},t={};!function e(o){if(t[o])return t[o].exports;var n=t[o]={exports:{}};return r[o](n,n.exports,e),n.exports}(353)})();",
  "licenses.txt": "// Existing Comment

/**
 * Duplicate comment in difference files.
 * @license MIT
 */


/*! Legal Comment */

/*! Legal Foo */

/**
 * @preserve Copyright 2009 SomeThirdParty.
 * Here is the full license text and copyright
 * notice for this file. Note that the notice can span several
 * lines and is only terminated by the closing star and slash:
 */

/**
 * Utility functions for the foo package.
 * @license Apache-2.0
 */

// @lic


/**
 * Duplicate comment in same file.
 * @license MIT
 */


/**
 * Information.
 * @license MIT
 */
",
}
`;

exports[`extractComments option should work with the existing licenses file: errors 1`] = `Array []`;

exports[`extractComments option should work with the existing licenses file: warnings 1`] = `Array []`;
