// Jest Snapshot v1, https://goo.gl/fbAQLP

exports[`when applied with \`minify\` option matches snapshot for \`terser\` minifier and \`parallel\` is \`true\`: errors 1`] = `Array []`;

exports[`when applied with \`minify\` option matches snapshot for \`terser\` minifier and \`parallel\` is \`true\`: main.js 1`] = `"!function(t){var e={};function r(n){if(e[n])return e[n].exports;var o=e[n]={i:n,l:!1,exports:{}};return t[n].call(o.exports,o,o.exports,r),o.l=!0,o.exports}r.m=t,r.c=e,r.d=function(t,e,n){r.o(t,e)||Object.defineProperty(t,e,{enumerable:!0,get:n})},r.r=function(t){\\"undefined\\"!=typeof Symbol&&Symbol.toStringTag&&Object.defineProperty(t,Symbol.toStringTag,{value:\\"Module\\"}),Object.defineProperty(t,\\"__esModule\\",{value:!0})},r.t=function(t,e){if(1&e&&(t=r(t)),8&e)return t;if(4&e&&\\"object\\"==typeof t&&t&&t.__esModule)return t;var n=Object.create(null);if(r.r(n),Object.defineProperty(n,\\"default\\",{enumerable:!0,value:t}),2&e&&\\"string\\"!=typeof t)for(var o in t)r.d(n,o,function(e){return t[e]}.bind(null,o));return n},r.n=function(t){var e=t&&t.__esModule?function(){return t.default}:function(){return t};return r.d(e,\\"a\\",e),e},r.o=function(t,e){return Object.prototype.hasOwnProperty.call(t,e)},r.p=\\"\\",r(r.s=0)}([function(t,e,r){\\"use strict\\";r.r(e);e.default=class{constructor(t,e){this.x=t,this.y=e}static distance(t,e){const r=t.x-e.x,n=t.y-e.y;return Math.hypot(r,n)}}}]);"`;

exports[`when applied with \`minify\` option matches snapshot for \`terser\` minifier and \`parallel\` is \`true\`: warnings 1`] = `Array []`;

exports[`when applied with \`minify\` option matches snapshot for \`terser\` minifier and \`sourceMap\` is \`true\`: errors 1`] = `Array []`;

exports[`when applied with \`minify\` option matches snapshot for \`terser\` minifier and \`sourceMap\` is \`true\`: main.js 1`] = `
Object {
  "map": Object {
    "file": "x",
    "mappings": "aACA,IAAAA,EAAA,GAGA,SAAAC,EAAAC,GAGA,GAAAF,EAAAE,GACA,OAAAF,EAAAE,GAAAC,QAGA,IAAAC,EAAAJ,EAAAE,GAAA,CACAG,EAAAH,EACAI,GAAA,EACAH,QAAA,IAUA,OANAI,EAAAL,GAAAM,KAAAJ,EAAAD,QAAAC,IAAAD,QAAAF,GAGAG,EAAAE,GAAA,EAGAF,EAAAD,QAKAF,EAAAQ,EAAAF,EAGAN,EAAAS,EAAAV,EAGAC,EAAAU,EAAA,SAAAR,EAAAS,EAAAC,GACAZ,EAAAa,EAAAX,EAAAS,IACAG,OAAAC,eAAAb,EAAAS,EAAA,CAA0CK,YAAA,EAAAC,IAAAL,KAK1CZ,EAAAkB,EAAA,SAAAhB,GACA,oBAAAiB,eAAAC,aACAN,OAAAC,eAAAb,EAAAiB,OAAAC,YAAA,CAAwDC,MAAA,WAExDP,OAAAC,eAAAb,EAAA,cAAiDmB,OAAA,KAQjDrB,EAAAsB,EAAA,SAAAD,EAAAE,GAEA,GADA,EAAAA,IAAAF,EAAArB,EAAAqB,IACA,EAAAE,EAAA,OAAAF,EACA,KAAAE,GAAA,iBAAAF,QAAAG,WAAA,OAAAH,EACA,IAAAI,EAAAX,OAAAY,OAAA,MAGA,GAFA1B,EAAAkB,EAAAO,GACAX,OAAAC,eAAAU,EAAA,WAAyCT,YAAA,EAAAK,UACzC,EAAAE,GAAA,iBAAAF,EAAA,QAAAM,KAAAN,EAAArB,EAAAU,EAAAe,EAAAE,EAAA,SAAAA,GAAgH,OAAAN,EAAAM,IAAqBC,KAAA,KAAAD,IACrI,OAAAF,GAIAzB,EAAA6B,EAAA,SAAA1B,GACA,IAAAS,EAAAT,KAAAqB,WACA,WAA2B,OAAArB,EAAA,SAC3B,WAAiC,OAAAA,GAEjC,OADAH,EAAAU,EAAAE,EAAA,IAAAA,GACAA,GAIAZ,EAAAa,EAAA,SAAAiB,EAAAC,GAAsD,OAAAjB,OAAAkB,UAAAC,eAAA1B,KAAAuB,EAAAC,IAGtD/B,EAAAkC,EAAA,GAIAlC,IAAAmC,EAAA,kCClFAnC,EAAAkB,EAAAkB,GAceA,EAAA,QAdf,MACAC,YAAAC,EAAAC,GACAC,KAAAF,IACAE,KAAAD,IAGAF,gBAAAI,EAAAC,GACA,MAAAC,EAAAF,EAAAH,EAAAI,EAAAJ,EACAM,EAAAH,EAAAF,EAAAG,EAAAH,EAEA,OAAAM,KAAAC,MAAAH,EAAAC",
    "names": Array [
      "installedModules",
      "__webpack_require__",
      "moduleId",
      "exports",
      "module",
      "i",
      "l",
      "modules",
      "call",
      "m",
      "c",
      "d",
      "name",
      "getter",
      "o",
      "Object",
      "defineProperty",
      "enumerable",
      "get",
      "r",
      "Symbol",
      "toStringTag",
      "value",
      "t",
      "mode",
      "__esModule",
      "ns",
      "create",
      "key",
      "bind",
      "n",
      "object",
      "property",
      "prototype",
      "hasOwnProperty",
      "p",
      "s",
      "__webpack_exports__",
      "[object Object]",
      "x",
      "y",
      "this",
      "a",
      "b",
      "dx",
      "dy",
      "Math",
      "hypot",
    ],
    "sources": Array [
      "webpack/bootstrap",
      "test/fixtures/minify/es6.js",
    ],
    "sourcesContent": Array [
      " 	// The module cache
 	var installedModules = {};

 	// The require function
 	function __webpack_require__(moduleId) {

 		// Check if module is in cache
 		if(installedModules[moduleId]) {
 			return installedModules[moduleId].exports;
 		}
 		// Create a new module (and put it into the cache)
 		var module = installedModules[moduleId] = {
 			i: moduleId,
 			l: false,
 			exports: {}
 		};

 		// Execute the module function
 		modules[moduleId].call(module.exports, module, module.exports, __webpack_require__);

 		// Flag the module as loaded
 		module.l = true;

 		// Return the exports of the module
 		return module.exports;
 	}


 	// expose the modules object (__webpack_modules__)
 	__webpack_require__.m = modules;

 	// expose the module cache
 	__webpack_require__.c = installedModules;

 	// define getter function for harmony exports
 	__webpack_require__.d = function(exports, name, getter) {
 		if(!__webpack_require__.o(exports, name)) {
 			Object.defineProperty(exports, name, { enumerable: true, get: getter });
 		}
 	};

 	// define __esModule on exports
 	__webpack_require__.r = function(exports) {
 		if(typeof Symbol !== 'undefined' && Symbol.toStringTag) {
 			Object.defineProperty(exports, Symbol.toStringTag, { value: 'Module' });
 		}
 		Object.defineProperty(exports, '__esModule', { value: true });
 	};

 	// create a fake namespace object
 	// mode & 1: value is a module id, require it
 	// mode & 2: merge all properties of value into the ns
 	// mode & 4: return value when already ns object
 	// mode & 8|1: behave like require
 	__webpack_require__.t = function(value, mode) {
 		if(mode & 1) value = __webpack_require__(value);
 		if(mode & 8) return value;
 		if((mode & 4) && typeof value === 'object' && value && value.__esModule) return value;
 		var ns = Object.create(null);
 		__webpack_require__.r(ns);
 		Object.defineProperty(ns, 'default', { enumerable: true, value: value });
 		if(mode & 2 && typeof value != 'string') for(var key in value) __webpack_require__.d(ns, key, function(key) { return value[key]; }.bind(null, key));
 		return ns;
 	};

 	// getDefaultExport function for compatibility with non-harmony modules
 	__webpack_require__.n = function(module) {
 		var getter = module && module.__esModule ?
 			function getDefault() { return module['default']; } :
 			function getModuleExports() { return module; };
 		__webpack_require__.d(getter, 'a', getter);
 		return getter;
 	};

 	// Object.prototype.hasOwnProperty.call
 	__webpack_require__.o = function(object, property) { return Object.prototype.hasOwnProperty.call(object, property); };

 	// __webpack_public_path__
 	__webpack_require__.p = \\"\\";


 	// Load entry module and return exports
 	return __webpack_require__(__webpack_require__.s = 0);
",
      "class Point {
  constructor(x, y) {
    this.x = x;
    this.y = y;
  }

  static distance(a, b) {
    const dx = a.x - b.x;
    const dy = a.y - b.y;

    return Math.hypot(dx, dy);
  }
}

export default Point;
",
    ],
    "version": 3,
  },
  "source": "!function(t){var e={};function r(n){if(e[n])return e[n].exports;var o=e[n]={i:n,l:!1,exports:{}};return t[n].call(o.exports,o,o.exports,r),o.l=!0,o.exports}r.m=t,r.c=e,r.d=function(t,e,n){r.o(t,e)||Object.defineProperty(t,e,{enumerable:!0,get:n})},r.r=function(t){\\"undefined\\"!=typeof Symbol&&Symbol.toStringTag&&Object.defineProperty(t,Symbol.toStringTag,{value:\\"Module\\"}),Object.defineProperty(t,\\"__esModule\\",{value:!0})},r.t=function(t,e){if(1&e&&(t=r(t)),8&e)return t;if(4&e&&\\"object\\"==typeof t&&t&&t.__esModule)return t;var n=Object.create(null);if(r.r(n),Object.defineProperty(n,\\"default\\",{enumerable:!0,value:t}),2&e&&\\"string\\"!=typeof t)for(var o in t)r.d(n,o,function(e){return t[e]}.bind(null,o));return n},r.n=function(t){var e=t&&t.__esModule?function(){return t.default}:function(){return t};return r.d(e,\\"a\\",e),e},r.o=function(t,e){return Object.prototype.hasOwnProperty.call(t,e)},r.p=\\"\\",r(r.s=0)}([function(t,e,r){\\"use strict\\";r.r(e);e.default=class{constructor(t,e){this.x=t,this.y=e}static distance(t,e){const r=t.x-e.x,n=t.y-e.y;return Math.hypot(r,n)}}}]);",
}
`;

exports[`when applied with \`minify\` option matches snapshot for \`terser\` minifier and \`sourceMap\` is \`true\`: warnings 1`] = `Array []`;

exports[`when applied with \`minify\` option matches snapshot for \`terser\` minifier: errors 1`] = `Array []`;

exports[`when applied with \`minify\` option matches snapshot for \`terser\` minifier: main.js 1`] = `"!function(t){var e={};function r(n){if(e[n])return e[n].exports;var o=e[n]={i:n,l:!1,exports:{}};return t[n].call(o.exports,o,o.exports,r),o.l=!0,o.exports}r.m=t,r.c=e,r.d=function(t,e,n){r.o(t,e)||Object.defineProperty(t,e,{enumerable:!0,get:n})},r.r=function(t){\\"undefined\\"!=typeof Symbol&&Symbol.toStringTag&&Object.defineProperty(t,Symbol.toStringTag,{value:\\"Module\\"}),Object.defineProperty(t,\\"__esModule\\",{value:!0})},r.t=function(t,e){if(1&e&&(t=r(t)),8&e)return t;if(4&e&&\\"object\\"==typeof t&&t&&t.__esModule)return t;var n=Object.create(null);if(r.r(n),Object.defineProperty(n,\\"default\\",{enumerable:!0,value:t}),2&e&&\\"string\\"!=typeof t)for(var o in t)r.d(n,o,function(e){return t[e]}.bind(null,o));return n},r.n=function(t){var e=t&&t.__esModule?function(){return t.default}:function(){return t};return r.d(e,\\"a\\",e),e},r.o=function(t,e){return Object.prototype.hasOwnProperty.call(t,e)},r.p=\\"\\",r(r.s=0)}([function(t,e,r){\\"use strict\\";r.r(e);e.default=class{constructor(t,e){this.x=t,this.y=e}static distance(t,e){const r=t.x-e.x,n=t.y-e.y;return Math.hypot(r,n)}}}]);"`;

exports[`when applied with \`minify\` option matches snapshot for \`terser\` minifier: warnings 1`] = `Array []`;

exports[`when applied with \`minify\` option matches snapshot for \`uglify-js\` minifier while extracting comments: errors 1`] = `Array []`;

exports[`when applied with \`minify\` option matches snapshot for \`uglify-js\` minifier while extracting comments: main.js 1`] = `"!function(n){var r={};function o(e){if(r[e])return r[e].exports;var t=r[e]={i:e,l:!1,exports:{}};return n[e].call(t.exports,t,t.exports,o),t.l=!0,t.exports}o.m=n,o.c=r,o.d=function(e,t,n){o.o(e,t)||Object.defineProperty(e,t,{enumerable:!0,get:n})},o.r=function(e){\\"undefined\\"!=typeof Symbol&&Symbol.toStringTag&&Object.defineProperty(e,Symbol.toStringTag,{value:\\"Module\\"}),Object.defineProperty(e,\\"__esModule\\",{value:!0})},o.t=function(t,e){if(1&e&&(t=o(t)),8&e)return t;if(4&e&&\\"object\\"==typeof t&&t&&t.__esModule)return t;var n=Object.create(null);if(o.r(n),Object.defineProperty(n,\\"default\\",{enumerable:!0,value:t}),2&e&&\\"string\\"!=typeof t)for(var r in t)o.d(n,r,function(e){return t[e]}.bind(null,r));return n},o.n=function(e){var t=e&&e.__esModule?function(){return e.default}:function(){return e};return o.d(t,\\"a\\",t),t},o.o=function(e,t){return Object.prototype.hasOwnProperty.call(e,t)},o.p=\\"\\",o(o.s=0)}([function(e,t){e.exports=function(){var baz=document.getElementById(\\"root\\").innerHTML;document.getElementById(\\"demo\\").innerHTML=\\"Paragraph changed.\\"+baz}}]);"`;

exports[`when applied with \`minify\` option matches snapshot for \`uglify-js\` minifier while extracting comments: warnings 1`] = `Array []`;

exports[`when applied with \`minify\` option matches snapshot for \`uglify-js\` minifier: errors 1`] = `Array []`;

exports[`when applied with \`minify\` option matches snapshot for \`uglify-js\` minifier: main.js 1`] = `"!function(n){var r={};function o(e){if(r[e])return r[e].exports;var t=r[e]={i:e,l:!1,exports:{}};return n[e].call(t.exports,t,t.exports,o),t.l=!0,t.exports}o.m=n,o.c=r,o.d=function(e,t,n){o.o(e,t)||Object.defineProperty(e,t,{enumerable:!0,get:n})},o.r=function(e){\\"undefined\\"!=typeof Symbol&&Symbol.toStringTag&&Object.defineProperty(e,Symbol.toStringTag,{value:\\"Module\\"}),Object.defineProperty(e,\\"__esModule\\",{value:!0})},o.t=function(t,e){if(1&e&&(t=o(t)),8&e)return t;if(4&e&&\\"object\\"==typeof t&&t&&t.__esModule)return t;var n=Object.create(null);if(o.r(n),Object.defineProperty(n,\\"default\\",{enumerable:!0,value:t}),2&e&&\\"string\\"!=typeof t)for(var r in t)o.d(n,r,function(e){return t[e]}.bind(null,r));return n},o.n=function(e){var t=e&&e.__esModule?function(){return e.default}:function(){return e};return o.d(t,\\"a\\",t),t},o.o=function(e,t){return Object.prototype.hasOwnProperty.call(e,t)},o.p=\\"\\",o(o.s=0)}([function(e,t){e.exports=function(){var baz=document.getElementById(\\"root\\").innerHTML;document.getElementById(\\"demo\\").innerHTML=\\"Paragraph changed.\\"+baz}}]);"`;

exports[`when applied with \`minify\` option matches snapshot for \`uglify-js\` minifier: warnings 1`] = `Array []`;

exports[`when applied with \`minify\` option matches snapshot for errors into \`minify\` option and \`parallel\` is \`true\`: errors 1`] = `
Array [
  "Error: main.js from Terser
Error: Error",
]
`;

exports[`when applied with \`minify\` option matches snapshot for errors into \`minify\` option and \`parallel\` is \`true\`: main.js 1`] = `
"/******/ (function(modules) { // webpackBootstrap
/******/ 	// The module cache
/******/ 	var installedModules = {};
/******/
/******/ 	// The require function
/******/ 	function __webpack_require__(moduleId) {
/******/
/******/ 		// Check if module is in cache
/******/ 		if(installedModules[moduleId]) {
/******/ 			return installedModules[moduleId].exports;
/******/ 		}
/******/ 		// Create a new module (and put it into the cache)
/******/ 		var module = installedModules[moduleId] = {
/******/ 			i: moduleId,
/******/ 			l: false,
/******/ 			exports: {}
/******/ 		};
/******/
/******/ 		// Execute the module function
/******/ 		modules[moduleId].call(module.exports, module, module.exports, __webpack_require__);
/******/
/******/ 		// Flag the module as loaded
/******/ 		module.l = true;
/******/
/******/ 		// Return the exports of the module
/******/ 		return module.exports;
/******/ 	}
/******/
/******/
/******/ 	// expose the modules object (__webpack_modules__)
/******/ 	__webpack_require__.m = modules;
/******/
/******/ 	// expose the module cache
/******/ 	__webpack_require__.c = installedModules;
/******/
/******/ 	// define getter function for harmony exports
/******/ 	__webpack_require__.d = function(exports, name, getter) {
/******/ 		if(!__webpack_require__.o(exports, name)) {
/******/ 			Object.defineProperty(exports, name, { enumerable: true, get: getter });
/******/ 		}
/******/ 	};
/******/
/******/ 	// define __esModule on exports
/******/ 	__webpack_require__.r = function(exports) {
/******/ 		if(typeof Symbol !== 'undefined' && Symbol.toStringTag) {
/******/ 			Object.defineProperty(exports, Symbol.toStringTag, { value: 'Module' });
/******/ 		}
/******/ 		Object.defineProperty(exports, '__esModule', { value: true });
/******/ 	};
/******/
/******/ 	// create a fake namespace object
/******/ 	// mode & 1: value is a module id, require it
/******/ 	// mode & 2: merge all properties of value into the ns
/******/ 	// mode & 4: return value when already ns object
/******/ 	// mode & 8|1: behave like require
/******/ 	__webpack_require__.t = function(value, mode) {
/******/ 		if(mode & 1) value = __webpack_require__(value);
/******/ 		if(mode & 8) return value;
/******/ 		if((mode & 4) && typeof value === 'object' && value && value.__esModule) return value;
/******/ 		var ns = Object.create(null);
/******/ 		__webpack_require__.r(ns);
/******/ 		Object.defineProperty(ns, 'default', { enumerable: true, value: value });
/******/ 		if(mode & 2 && typeof value != 'string') for(var key in value) __webpack_require__.d(ns, key, function(key) { return value[key]; }.bind(null, key));
/******/ 		return ns;
/******/ 	};
/******/
/******/ 	// getDefaultExport function for compatibility with non-harmony modules
/******/ 	__webpack_require__.n = function(module) {
/******/ 		var getter = module && module.__esModule ?
/******/ 			function getDefault() { return module['default']; } :
/******/ 			function getModuleExports() { return module; };
/******/ 		__webpack_require__.d(getter, 'a', getter);
/******/ 		return getter;
/******/ 	};
/******/
/******/ 	// Object.prototype.hasOwnProperty.call
/******/ 	__webpack_require__.o = function(object, property) { return Object.prototype.hasOwnProperty.call(object, property); };
/******/
/******/ 	// __webpack_public_path__
/******/ 	__webpack_require__.p = \\"\\";
/******/
/******/
/******/ 	// Load entry module and return exports
/******/ 	return __webpack_require__(__webpack_require__.s = 0);
/******/ })
/************************************************************************/
/******/ ([
/* 0 */
/***/ (function(module, __webpack_exports__, __webpack_require__) {

\\"use strict\\";
__webpack_require__.r(__webpack_exports__);
class Point {
  constructor(x, y) {
    this.x = x;
    this.y = y;
  }

  static distance(a, b) {
    const dx = a.x - b.x;
    const dy = a.y - b.y;

    return Math.hypot(dx, dy);
  }
}

/* harmony default export */ __webpack_exports__[\\"default\\"] = (Point);


/***/ })
/******/ ]);"
`;

exports[`when applied with \`minify\` option matches snapshot for errors into \`minify\` option and \`parallel\` is \`true\`: warnings 1`] = `Array []`;

exports[`when applied with \`minify\` option matches snapshot for errors into \`minify\` option: errors 1`] = `
Array [
  "Error: main.js from Terser
Error: Error",
]
`;

exports[`when applied with \`minify\` option matches snapshot for errors into \`minify\` option: main.js 1`] = `
"/******/ (function(modules) { // webpackBootstrap
/******/ 	// The module cache
/******/ 	var installedModules = {};
/******/
/******/ 	// The require function
/******/ 	function __webpack_require__(moduleId) {
/******/
/******/ 		// Check if module is in cache
/******/ 		if(installedModules[moduleId]) {
/******/ 			return installedModules[moduleId].exports;
/******/ 		}
/******/ 		// Create a new module (and put it into the cache)
/******/ 		var module = installedModules[moduleId] = {
/******/ 			i: moduleId,
/******/ 			l: false,
/******/ 			exports: {}
/******/ 		};
/******/
/******/ 		// Execute the module function
/******/ 		modules[moduleId].call(module.exports, module, module.exports, __webpack_require__);
/******/
/******/ 		// Flag the module as loaded
/******/ 		module.l = true;
/******/
/******/ 		// Return the exports of the module
/******/ 		return module.exports;
/******/ 	}
/******/
/******/
/******/ 	// expose the modules object (__webpack_modules__)
/******/ 	__webpack_require__.m = modules;
/******/
/******/ 	// expose the module cache
/******/ 	__webpack_require__.c = installedModules;
/******/
/******/ 	// define getter function for harmony exports
/******/ 	__webpack_require__.d = function(exports, name, getter) {
/******/ 		if(!__webpack_require__.o(exports, name)) {
/******/ 			Object.defineProperty(exports, name, { enumerable: true, get: getter });
/******/ 		}
/******/ 	};
/******/
/******/ 	// define __esModule on exports
/******/ 	__webpack_require__.r = function(exports) {
/******/ 		if(typeof Symbol !== 'undefined' && Symbol.toStringTag) {
/******/ 			Object.defineProperty(exports, Symbol.toStringTag, { value: 'Module' });
/******/ 		}
/******/ 		Object.defineProperty(exports, '__esModule', { value: true });
/******/ 	};
/******/
/******/ 	// create a fake namespace object
/******/ 	// mode & 1: value is a module id, require it
/******/ 	// mode & 2: merge all properties of value into the ns
/******/ 	// mode & 4: return value when already ns object
/******/ 	// mode & 8|1: behave like require
/******/ 	__webpack_require__.t = function(value, mode) {
/******/ 		if(mode & 1) value = __webpack_require__(value);
/******/ 		if(mode & 8) return value;
/******/ 		if((mode & 4) && typeof value === 'object' && value && value.__esModule) return value;
/******/ 		var ns = Object.create(null);
/******/ 		__webpack_require__.r(ns);
/******/ 		Object.defineProperty(ns, 'default', { enumerable: true, value: value });
/******/ 		if(mode & 2 && typeof value != 'string') for(var key in value) __webpack_require__.d(ns, key, function(key) { return value[key]; }.bind(null, key));
/******/ 		return ns;
/******/ 	};
/******/
/******/ 	// getDefaultExport function for compatibility with non-harmony modules
/******/ 	__webpack_require__.n = function(module) {
/******/ 		var getter = module && module.__esModule ?
/******/ 			function getDefault() { return module['default']; } :
/******/ 			function getModuleExports() { return module; };
/******/ 		__webpack_require__.d(getter, 'a', getter);
/******/ 		return getter;
/******/ 	};
/******/
/******/ 	// Object.prototype.hasOwnProperty.call
/******/ 	__webpack_require__.o = function(object, property) { return Object.prototype.hasOwnProperty.call(object, property); };
/******/
/******/ 	// __webpack_public_path__
/******/ 	__webpack_require__.p = \\"\\";
/******/
/******/
/******/ 	// Load entry module and return exports
/******/ 	return __webpack_require__(__webpack_require__.s = 0);
/******/ })
/************************************************************************/
/******/ ([
/* 0 */
/***/ (function(module, __webpack_exports__, __webpack_require__) {

\\"use strict\\";
__webpack_require__.r(__webpack_exports__);
class Point {
  constructor(x, y) {
    this.x = x;
    this.y = y;
  }

  static distance(a, b) {
    const dx = a.x - b.x;
    const dy = a.y - b.y;

    return Math.hypot(dx, dy);
  }
}

/* harmony default export */ __webpack_exports__[\\"default\\"] = (Point);


/***/ })
/******/ ]);"
`;

exports[`when applied with \`minify\` option matches snapshot for errors into \`minify\` option: warnings 1`] = `Array []`;
