// Jest Snapshot v1, https://goo.gl/fbAQLP

exports[`when options.sourceMap matches snapshot for a single \`false\` value (\`devtool\` is \`false\`): errors 1`] = `Array []`;

exports[`when options.sourceMap matches snapshot for a single \`false\` value (\`devtool\` is \`false\`): main.e231945f17f2c3118ae0.js 1`] = `"!function(e){var t={};function n(r){if(t[r])return t[r].exports;var o=t[r]={i:r,l:!1,exports:{}};return e[r].call(o.exports,o,o.exports,n),o.l=!0,o.exports}n.m=e,n.c=t,n.d=function(e,t,r){n.o(e,t)||Object.defineProperty(e,t,{enumerable:!0,get:r})},n.r=function(e){\\"undefined\\"!=typeof Symbol&&Symbol.toStringTag&&Object.defineProperty(e,Symbol.toStringTag,{value:\\"Module\\"}),Object.defineProperty(e,\\"__esModule\\",{value:!0})},n.t=function(e,t){if(1&t&&(e=n(e)),8&t)return e;if(4&t&&\\"object\\"==typeof e&&e&&e.__esModule)return e;var r=Object.create(null);if(n.r(r),Object.defineProperty(r,\\"default\\",{enumerable:!0,value:e}),2&t&&\\"string\\"!=typeof e)for(var o in e)n.d(r,o,function(t){return e[t]}.bind(null,o));return r},n.n=function(e){var t=e&&e.__esModule?function(){return e.default}:function(){return e};return n.d(t,\\"a\\",t),t},n.o=function(e,t){return Object.prototype.hasOwnProperty.call(e,t)},n.p=\\"\\",n(n.s=0)}([function(e,t){e.exports=function(){console.log(7)}}]);"`;

exports[`when options.sourceMap matches snapshot for a single \`false\` value (\`devtool\` is \`false\`): warnings 1`] = `Array []`;

exports[`when options.sourceMap matches snapshot for a single \`false\` value (\`devtool\` is \`source-map\`): errors 1`] = `Array []`;

exports[`when options.sourceMap matches snapshot for a single \`false\` value (\`devtool\` is \`source-map\`): main.e231945f17f2c3118ae0.js 1`] = `"!function(e){var t={};function n(r){if(t[r])return t[r].exports;var o=t[r]={i:r,l:!1,exports:{}};return e[r].call(o.exports,o,o.exports,n),o.l=!0,o.exports}n.m=e,n.c=t,n.d=function(e,t,r){n.o(e,t)||Object.defineProperty(e,t,{enumerable:!0,get:r})},n.r=function(e){\\"undefined\\"!=typeof Symbol&&Symbol.toStringTag&&Object.defineProperty(e,Symbol.toStringTag,{value:\\"Module\\"}),Object.defineProperty(e,\\"__esModule\\",{value:!0})},n.t=function(e,t){if(1&t&&(e=n(e)),8&t)return e;if(4&t&&\\"object\\"==typeof e&&e&&e.__esModule)return e;var r=Object.create(null);if(n.r(r),Object.defineProperty(r,\\"default\\",{enumerable:!0,value:e}),2&t&&\\"string\\"!=typeof e)for(var o in e)n.d(r,o,function(t){return e[t]}.bind(null,o));return r},n.n=function(e){var t=e&&e.__esModule?function(){return e.default}:function(){return e};return n.d(t,\\"a\\",t),t},n.o=function(e,t){return Object.prototype.hasOwnProperty.call(e,t)},n.p=\\"\\",n(n.s=0)}([function(e,t){e.exports=function(){console.log(7)}}]);"`;

exports[`when options.sourceMap matches snapshot for a single \`false\` value (\`devtool\` is \`source-map\`): warnings 1`] = `Array []`;

exports[`when options.sourceMap matches snapshot for a single \`true\` value (\`devtool\` is \`false\`): errors 1`] = `Array []`;

exports[`when options.sourceMap matches snapshot for a single \`true\` value (\`devtool\` is \`false\`): main.e231945f17f2c3118ae0.js 1`] = `"!function(e){var t={};function n(r){if(t[r])return t[r].exports;var o=t[r]={i:r,l:!1,exports:{}};return e[r].call(o.exports,o,o.exports,n),o.l=!0,o.exports}n.m=e,n.c=t,n.d=function(e,t,r){n.o(e,t)||Object.defineProperty(e,t,{enumerable:!0,get:r})},n.r=function(e){\\"undefined\\"!=typeof Symbol&&Symbol.toStringTag&&Object.defineProperty(e,Symbol.toStringTag,{value:\\"Module\\"}),Object.defineProperty(e,\\"__esModule\\",{value:!0})},n.t=function(e,t){if(1&t&&(e=n(e)),8&t)return e;if(4&t&&\\"object\\"==typeof e&&e&&e.__esModule)return e;var r=Object.create(null);if(n.r(r),Object.defineProperty(r,\\"default\\",{enumerable:!0,value:e}),2&t&&\\"string\\"!=typeof e)for(var o in e)n.d(r,o,function(t){return e[t]}.bind(null,o));return r},n.n=function(e){var t=e&&e.__esModule?function(){return e.default}:function(){return e};return n.d(t,\\"a\\",t),t},n.o=function(e,t){return Object.prototype.hasOwnProperty.call(e,t)},n.p=\\"\\",n(n.s=0)}([function(e,t){e.exports=function(){console.log(7)}}]);"`;

exports[`when options.sourceMap matches snapshot for a single \`true\` value (\`devtool\` is \`false\`): warnings 1`] = `Array []`;

exports[`when options.sourceMap matches snapshot for a single \`true\` value (\`devtool\` is \`source-map\`) and source map invalid: broken-source-map.js 1`] = `"var test = 1;"`;

exports[`when options.sourceMap matches snapshot for a single \`true\` value (\`devtool\` is \`source-map\`) and source map invalid: errors 1`] = `
Array [
  "Error: broken-source-map.js from Terser
Error: \\"version\\" is a required argument.",
]
`;

exports[`when options.sourceMap matches snapshot for a single \`true\` value (\`devtool\` is \`source-map\`) and source map invalid: main.e231945f17f2c3118ae0.js 1`] = `
"!function(e){var t={};function n(r){if(t[r])return t[r].exports;var o=t[r]={i:r,l:!1,exports:{}};return e[r].call(o.exports,o,o.exports,n),o.l=!0,o.exports}n.m=e,n.c=t,n.d=function(e,t,r){n.o(e,t)||Object.defineProperty(e,t,{enumerable:!0,get:r})},n.r=function(e){\\"undefined\\"!=typeof Symbol&&Symbol.toStringTag&&Object.defineProperty(e,Symbol.toStringTag,{value:\\"Module\\"}),Object.defineProperty(e,\\"__esModule\\",{value:!0})},n.t=function(e,t){if(1&t&&(e=n(e)),8&t)return e;if(4&t&&\\"object\\"==typeof e&&e&&e.__esModule)return e;var r=Object.create(null);if(n.r(r),Object.defineProperty(r,\\"default\\",{enumerable:!0,value:e}),2&t&&\\"string\\"!=typeof e)for(var o in e)n.d(r,o,function(t){return e[t]}.bind(null,o));return r},n.n=function(e){var t=e&&e.__esModule?function(){return e.default}:function(){return e};return n.d(t,\\"a\\",t),t},n.o=function(e,t){return Object.prototype.hasOwnProperty.call(e,t)},n.p=\\"\\",n(n.s=0)}([function(e,t){e.exports=function(){console.log(7)}}]);
//# sourceMappingURL=main.e231945f17f2c3118ae0.js.map"
`;

exports[`when options.sourceMap matches snapshot for a single \`true\` value (\`devtool\` is \`source-map\`) and source map invalid: main.e231945f17f2c3118ae0.js.map 1`] = `"{\\"version\\":3,\\"sources\\":[\\"webpack:///webpack/bootstrap\\",\\"webpack:///./test/fixtures/entry.js\\"],\\"names\\":[\\"installedModules\\",\\"__webpack_require__\\",\\"moduleId\\",\\"exports\\",\\"module\\",\\"i\\",\\"l\\",\\"modules\\",\\"call\\",\\"m\\",\\"c\\",\\"d\\",\\"name\\",\\"getter\\",\\"o\\",\\"Object\\",\\"defineProperty\\",\\"enumerable\\",\\"get\\",\\"r\\",\\"Symbol\\",\\"toStringTag\\",\\"value\\",\\"t\\",\\"mode\\",\\"__esModule\\",\\"ns\\",\\"create\\",\\"key\\",\\"bind\\",\\"n\\",\\"object\\",\\"property\\",\\"prototype\\",\\"hasOwnProperty\\",\\"p\\",\\"s\\",\\"console\\",\\"log\\",\\"b\\"],\\"mappings\\":\\"aACA,IAAAA,EAAA,GAGA,SAAAC,EAAAC,GAGA,GAAAF,EAAAE,GACA,OAAAF,EAAAE,GAAAC,QAGA,IAAAC,EAAAJ,EAAAE,GAAA,CACAG,EAAAH,EACAI,GAAA,EACAH,QAAA,IAUA,OANAI,EAAAL,GAAAM,KAAAJ,EAAAD,QAAAC,IAAAD,QAAAF,GAGAG,EAAAE,GAAA,EAGAF,EAAAD,QAKAF,EAAAQ,EAAAF,EAGAN,EAAAS,EAAAV,EAGAC,EAAAU,EAAA,SAAAR,EAAAS,EAAAC,GACAZ,EAAAa,EAAAX,EAAAS,IACAG,OAAAC,eAAAb,EAAAS,EAAA,CAA0CK,YAAA,EAAAC,IAAAL,KAK1CZ,EAAAkB,EAAA,SAAAhB,GACA,oBAAAiB,eAAAC,aACAN,OAAAC,eAAAb,EAAAiB,OAAAC,YAAA,CAAwDC,MAAA,WAExDP,OAAAC,eAAAb,EAAA,cAAiDmB,OAAA,KAQjDrB,EAAAsB,EAAA,SAAAD,EAAAE,GAEA,GADA,EAAAA,IAAAF,EAAArB,EAAAqB,IACA,EAAAE,EAAA,OAAAF,EACA,KAAAE,GAAA,iBAAAF,QAAAG,WAAA,OAAAH,EACA,IAAAI,EAAAX,OAAAY,OAAA,MAGA,GAFA1B,EAAAkB,EAAAO,GACAX,OAAAC,eAAAU,EAAA,WAAyCT,YAAA,EAAAK,UACzC,EAAAE,GAAA,iBAAAF,EAAA,QAAAM,KAAAN,EAAArB,EAAAU,EAAAe,EAAAE,EAAA,SAAAA,GAAgH,OAAAN,EAAAM,IAAqBC,KAAA,KAAAD,IACrI,OAAAF,GAIAzB,EAAA6B,EAAA,SAAA1B,GACA,IAAAS,EAAAT,KAAAqB,WACA,WAA2B,OAAArB,EAAA,SAC3B,WAAiC,OAAAA,GAEjC,OADAH,EAAAU,EAAAE,EAAA,IAAAA,GACAA,GAIAZ,EAAAa,EAAA,SAAAiB,EAAAC,GAAsD,OAAAjB,OAAAkB,UAAAC,eAAA1B,KAAAuB,EAAAC,IAGtD/B,EAAAkC,EAAA,GAIAlC,IAAAmC,EAAA,mBC7EAhC,EAAAD,QAAA,WAEAkC,QAAAC,IAAAC\\",\\"file\\":\\"main.e231945f17f2c3118ae0.js\\",\\"sourcesContent\\":[\\" \\\\t// The module cache\\\\n \\\\tvar installedModules = {};\\\\n\\\\n \\\\t// The require function\\\\n \\\\tfunction __webpack_require__(moduleId) {\\\\n\\\\n \\\\t\\\\t// Check if module is in cache\\\\n \\\\t\\\\tif(installedModules[moduleId]) {\\\\n \\\\t\\\\t\\\\treturn installedModules[moduleId].exports;\\\\n \\\\t\\\\t}\\\\n \\\\t\\\\t// Create a new module (and put it into the cache)\\\\n \\\\t\\\\tvar module = installedModules[moduleId] = {\\\\n \\\\t\\\\t\\\\ti: moduleId,\\\\n \\\\t\\\\t\\\\tl: false,\\\\n \\\\t\\\\t\\\\texports: {}\\\\n \\\\t\\\\t};\\\\n\\\\n \\\\t\\\\t// Execute the module function\\\\n \\\\t\\\\tmodules[moduleId].call(module.exports, module, module.exports, __webpack_require__);\\\\n\\\\n \\\\t\\\\t// Flag the module as loaded\\\\n \\\\t\\\\tmodule.l = true;\\\\n\\\\n \\\\t\\\\t// Return the exports of the module\\\\n \\\\t\\\\treturn module.exports;\\\\n \\\\t}\\\\n\\\\n\\\\n \\\\t// expose the modules object (__webpack_modules__)\\\\n \\\\t__webpack_require__.m = modules;\\\\n\\\\n \\\\t// expose the module cache\\\\n \\\\t__webpack_require__.c = installedModules;\\\\n\\\\n \\\\t// define getter function for harmony exports\\\\n \\\\t__webpack_require__.d = function(exports, name, getter) {\\\\n \\\\t\\\\tif(!__webpack_require__.o(exports, name)) {\\\\n \\\\t\\\\t\\\\tObject.defineProperty(exports, name, { enumerable: true, get: getter });\\\\n \\\\t\\\\t}\\\\n \\\\t};\\\\n\\\\n \\\\t// define __esModule on exports\\\\n \\\\t__webpack_require__.r = function(exports) {\\\\n \\\\t\\\\tif(typeof Symbol !== 'undefined' && Symbol.toStringTag) {\\\\n \\\\t\\\\t\\\\tObject.defineProperty(exports, Symbol.toStringTag, { value: 'Module' });\\\\n \\\\t\\\\t}\\\\n \\\\t\\\\tObject.defineProperty(exports, '__esModule', { value: true });\\\\n \\\\t};\\\\n\\\\n \\\\t// create a fake namespace object\\\\n \\\\t// mode & 1: value is a module id, require it\\\\n \\\\t// mode & 2: merge all properties of value into the ns\\\\n \\\\t// mode & 4: return value when already ns object\\\\n \\\\t// mode & 8|1: behave like require\\\\n \\\\t__webpack_require__.t = function(value, mode) {\\\\n \\\\t\\\\tif(mode & 1) value = __webpack_require__(value);\\\\n \\\\t\\\\tif(mode & 8) return value;\\\\n \\\\t\\\\tif((mode & 4) && typeof value === 'object' && value && value.__esModule) return value;\\\\n \\\\t\\\\tvar ns = Object.create(null);\\\\n \\\\t\\\\t__webpack_require__.r(ns);\\\\n \\\\t\\\\tObject.defineProperty(ns, 'default', { enumerable: true, value: value });\\\\n \\\\t\\\\tif(mode & 2 && typeof value != 'string') for(var key in value) __webpack_require__.d(ns, key, function(key) { return value[key]; }.bind(null, key));\\\\n \\\\t\\\\treturn ns;\\\\n \\\\t};\\\\n\\\\n \\\\t// getDefaultExport function for compatibility with non-harmony modules\\\\n \\\\t__webpack_require__.n = function(module) {\\\\n \\\\t\\\\tvar getter = module && module.__esModule ?\\\\n \\\\t\\\\t\\\\tfunction getDefault() { return module['default']; } :\\\\n \\\\t\\\\t\\\\tfunction getModuleExports() { return module; };\\\\n \\\\t\\\\t__webpack_require__.d(getter, 'a', getter);\\\\n \\\\t\\\\treturn getter;\\\\n \\\\t};\\\\n\\\\n \\\\t// Object.prototype.hasOwnProperty.call\\\\n \\\\t__webpack_require__.o = function(object, property) { return Object.prototype.hasOwnProperty.call(object, property); };\\\\n\\\\n \\\\t// __webpack_public_path__\\\\n \\\\t__webpack_require__.p = \\\\\\"\\\\\\";\\\\n\\\\n\\\\n \\\\t// Load entry module and return exports\\\\n \\\\treturn __webpack_require__(__webpack_require__.s = 0);\\\\n\\",\\"// foo\\\\n/* @preserve*/\\\\n// bar\\\\nconst a = 2 + 2;\\\\n\\\\nmodule.exports = function Foo() {\\\\n  const b = 2 + 2;\\\\n  console.log(b + 1 + 2);\\\\n};\\\\n\\"],\\"sourceRoot\\":\\"\\"}"`;

exports[`when options.sourceMap matches snapshot for a single \`true\` value (\`devtool\` is \`source-map\`) and source map invalid: warnings 1`] = `
Array [
  "Error: broken-source-map.js contains invalid source map",
]
`;

exports[`when options.sourceMap matches snapshot for a single \`true\` value (\`devtool\` is \`source-map\`): errors 1`] = `Array []`;

exports[`when options.sourceMap matches snapshot for a single \`true\` value (\`devtool\` is \`source-map\`): main.e231945f17f2c3118ae0.js 1`] = `
"!function(e){var t={};function n(r){if(t[r])return t[r].exports;var o=t[r]={i:r,l:!1,exports:{}};return e[r].call(o.exports,o,o.exports,n),o.l=!0,o.exports}n.m=e,n.c=t,n.d=function(e,t,r){n.o(e,t)||Object.defineProperty(e,t,{enumerable:!0,get:r})},n.r=function(e){\\"undefined\\"!=typeof Symbol&&Symbol.toStringTag&&Object.defineProperty(e,Symbol.toStringTag,{value:\\"Module\\"}),Object.defineProperty(e,\\"__esModule\\",{value:!0})},n.t=function(e,t){if(1&t&&(e=n(e)),8&t)return e;if(4&t&&\\"object\\"==typeof e&&e&&e.__esModule)return e;var r=Object.create(null);if(n.r(r),Object.defineProperty(r,\\"default\\",{enumerable:!0,value:e}),2&t&&\\"string\\"!=typeof e)for(var o in e)n.d(r,o,function(t){return e[t]}.bind(null,o));return r},n.n=function(e){var t=e&&e.__esModule?function(){return e.default}:function(){return e};return n.d(t,\\"a\\",t),t},n.o=function(e,t){return Object.prototype.hasOwnProperty.call(e,t)},n.p=\\"\\",n(n.s=0)}([function(e,t){e.exports=function(){console.log(7)}}]);
//# sourceMappingURL=main.e231945f17f2c3118ae0.js.map"
`;

exports[`when options.sourceMap matches snapshot for a single \`true\` value (\`devtool\` is \`source-map\`): main.e231945f17f2c3118ae0.js.map 1`] = `"{\\"version\\":3,\\"sources\\":[\\"webpack:///webpack/bootstrap\\",\\"webpack:///./test/fixtures/entry.js\\"],\\"names\\":[\\"installedModules\\",\\"__webpack_require__\\",\\"moduleId\\",\\"exports\\",\\"module\\",\\"i\\",\\"l\\",\\"modules\\",\\"call\\",\\"m\\",\\"c\\",\\"d\\",\\"name\\",\\"getter\\",\\"o\\",\\"Object\\",\\"defineProperty\\",\\"enumerable\\",\\"get\\",\\"r\\",\\"Symbol\\",\\"toStringTag\\",\\"value\\",\\"t\\",\\"mode\\",\\"__esModule\\",\\"ns\\",\\"create\\",\\"key\\",\\"bind\\",\\"n\\",\\"object\\",\\"property\\",\\"prototype\\",\\"hasOwnProperty\\",\\"p\\",\\"s\\",\\"console\\",\\"log\\",\\"b\\"],\\"mappings\\":\\"aACA,IAAAA,EAAA,GAGA,SAAAC,EAAAC,GAGA,GAAAF,EAAAE,GACA,OAAAF,EAAAE,GAAAC,QAGA,IAAAC,EAAAJ,EAAAE,GAAA,CACAG,EAAAH,EACAI,GAAA,EACAH,QAAA,IAUA,OANAI,EAAAL,GAAAM,KAAAJ,EAAAD,QAAAC,IAAAD,QAAAF,GAGAG,EAAAE,GAAA,EAGAF,EAAAD,QAKAF,EAAAQ,EAAAF,EAGAN,EAAAS,EAAAV,EAGAC,EAAAU,EAAA,SAAAR,EAAAS,EAAAC,GACAZ,EAAAa,EAAAX,EAAAS,IACAG,OAAAC,eAAAb,EAAAS,EAAA,CAA0CK,YAAA,EAAAC,IAAAL,KAK1CZ,EAAAkB,EAAA,SAAAhB,GACA,oBAAAiB,eAAAC,aACAN,OAAAC,eAAAb,EAAAiB,OAAAC,YAAA,CAAwDC,MAAA,WAExDP,OAAAC,eAAAb,EAAA,cAAiDmB,OAAA,KAQjDrB,EAAAsB,EAAA,SAAAD,EAAAE,GAEA,GADA,EAAAA,IAAAF,EAAArB,EAAAqB,IACA,EAAAE,EAAA,OAAAF,EACA,KAAAE,GAAA,iBAAAF,QAAAG,WAAA,OAAAH,EACA,IAAAI,EAAAX,OAAAY,OAAA,MAGA,GAFA1B,EAAAkB,EAAAO,GACAX,OAAAC,eAAAU,EAAA,WAAyCT,YAAA,EAAAK,UACzC,EAAAE,GAAA,iBAAAF,EAAA,QAAAM,KAAAN,EAAArB,EAAAU,EAAAe,EAAAE,EAAA,SAAAA,GAAgH,OAAAN,EAAAM,IAAqBC,KAAA,KAAAD,IACrI,OAAAF,GAIAzB,EAAA6B,EAAA,SAAA1B,GACA,IAAAS,EAAAT,KAAAqB,WACA,WAA2B,OAAArB,EAAA,SAC3B,WAAiC,OAAAA,GAEjC,OADAH,EAAAU,EAAAE,EAAA,IAAAA,GACAA,GAIAZ,EAAAa,EAAA,SAAAiB,EAAAC,GAAsD,OAAAjB,OAAAkB,UAAAC,eAAA1B,KAAAuB,EAAAC,IAGtD/B,EAAAkC,EAAA,GAIAlC,IAAAmC,EAAA,mBC7EAhC,EAAAD,QAAA,WAEAkC,QAAAC,IAAAC\\",\\"file\\":\\"main.e231945f17f2c3118ae0.js\\",\\"sourcesContent\\":[\\" \\\\t// The module cache\\\\n \\\\tvar installedModules = {};\\\\n\\\\n \\\\t// The require function\\\\n \\\\tfunction __webpack_require__(moduleId) {\\\\n\\\\n \\\\t\\\\t// Check if module is in cache\\\\n \\\\t\\\\tif(installedModules[moduleId]) {\\\\n \\\\t\\\\t\\\\treturn installedModules[moduleId].exports;\\\\n \\\\t\\\\t}\\\\n \\\\t\\\\t// Create a new module (and put it into the cache)\\\\n \\\\t\\\\tvar module = installedModules[moduleId] = {\\\\n \\\\t\\\\t\\\\ti: moduleId,\\\\n \\\\t\\\\t\\\\tl: false,\\\\n \\\\t\\\\t\\\\texports: {}\\\\n \\\\t\\\\t};\\\\n\\\\n \\\\t\\\\t// Execute the module function\\\\n \\\\t\\\\tmodules[moduleId].call(module.exports, module, module.exports, __webpack_require__);\\\\n\\\\n \\\\t\\\\t// Flag the module as loaded\\\\n \\\\t\\\\tmodule.l = true;\\\\n\\\\n \\\\t\\\\t// Return the exports of the module\\\\n \\\\t\\\\treturn module.exports;\\\\n \\\\t}\\\\n\\\\n\\\\n \\\\t// expose the modules object (__webpack_modules__)\\\\n \\\\t__webpack_require__.m = modules;\\\\n\\\\n \\\\t// expose the module cache\\\\n \\\\t__webpack_require__.c = installedModules;\\\\n\\\\n \\\\t// define getter function for harmony exports\\\\n \\\\t__webpack_require__.d = function(exports, name, getter) {\\\\n \\\\t\\\\tif(!__webpack_require__.o(exports, name)) {\\\\n \\\\t\\\\t\\\\tObject.defineProperty(exports, name, { enumerable: true, get: getter });\\\\n \\\\t\\\\t}\\\\n \\\\t};\\\\n\\\\n \\\\t// define __esModule on exports\\\\n \\\\t__webpack_require__.r = function(exports) {\\\\n \\\\t\\\\tif(typeof Symbol !== 'undefined' && Symbol.toStringTag) {\\\\n \\\\t\\\\t\\\\tObject.defineProperty(exports, Symbol.toStringTag, { value: 'Module' });\\\\n \\\\t\\\\t}\\\\n \\\\t\\\\tObject.defineProperty(exports, '__esModule', { value: true });\\\\n \\\\t};\\\\n\\\\n \\\\t// create a fake namespace object\\\\n \\\\t// mode & 1: value is a module id, require it\\\\n \\\\t// mode & 2: merge all properties of value into the ns\\\\n \\\\t// mode & 4: return value when already ns object\\\\n \\\\t// mode & 8|1: behave like require\\\\n \\\\t__webpack_require__.t = function(value, mode) {\\\\n \\\\t\\\\tif(mode & 1) value = __webpack_require__(value);\\\\n \\\\t\\\\tif(mode & 8) return value;\\\\n \\\\t\\\\tif((mode & 4) && typeof value === 'object' && value && value.__esModule) return value;\\\\n \\\\t\\\\tvar ns = Object.create(null);\\\\n \\\\t\\\\t__webpack_require__.r(ns);\\\\n \\\\t\\\\tObject.defineProperty(ns, 'default', { enumerable: true, value: value });\\\\n \\\\t\\\\tif(mode & 2 && typeof value != 'string') for(var key in value) __webpack_require__.d(ns, key, function(key) { return value[key]; }.bind(null, key));\\\\n \\\\t\\\\treturn ns;\\\\n \\\\t};\\\\n\\\\n \\\\t// getDefaultExport function for compatibility with non-harmony modules\\\\n \\\\t__webpack_require__.n = function(module) {\\\\n \\\\t\\\\tvar getter = module && module.__esModule ?\\\\n \\\\t\\\\t\\\\tfunction getDefault() { return module['default']; } :\\\\n \\\\t\\\\t\\\\tfunction getModuleExports() { return module; };\\\\n \\\\t\\\\t__webpack_require__.d(getter, 'a', getter);\\\\n \\\\t\\\\treturn getter;\\\\n \\\\t};\\\\n\\\\n \\\\t// Object.prototype.hasOwnProperty.call\\\\n \\\\t__webpack_require__.o = function(object, property) { return Object.prototype.hasOwnProperty.call(object, property); };\\\\n\\\\n \\\\t// __webpack_public_path__\\\\n \\\\t__webpack_require__.p = \\\\\\"\\\\\\";\\\\n\\\\n\\\\n \\\\t// Load entry module and return exports\\\\n \\\\treturn __webpack_require__(__webpack_require__.s = 0);\\\\n\\",\\"// foo\\\\n/* @preserve*/\\\\n// bar\\\\nconst a = 2 + 2;\\\\n\\\\nmodule.exports = function Foo() {\\\\n  const b = 2 + 2;\\\\n  console.log(b + 1 + 2);\\\\n};\\\\n\\"],\\"sourceRoot\\":\\"\\"}"`;

exports[`when options.sourceMap matches snapshot for a single \`true\` value (\`devtool\` is \`source-map\`): warnings 1`] = `Array []`;
