// Jest Snapshot v1, https://goo.gl/fbAQLP

exports[`TerserPlugin buildError method 1`] = `
[Error: test.js from Terser
Message]
`;

exports[`TerserPlugin buildError method 2`] = `
[Error: test.js from Terser
Message [test.js:1,1]]
`;

exports[`TerserPlugin buildError method 3`] = `
[Error: test.js from Terser
Message [./one.js:1,1][test.js:1,1]]
`;

exports[`TerserPlugin buildError method 4`] = `
[Error: test.js from Terser
Stack]
`;

exports[`TerserPlugin buildSourceMap method 1`] = `
SourceMapConsumer {
  "_absoluteSources": Array [
    "http://example.com/www/js/one.js",
    "http://example.com/www/js/two.js",
  ],
  "_mappings": "CAAC,IAAI,IAAM,SAAUA,GAClB,OAAOC,IAAID;CCDb,IAAI,IAAM,SAAUE,GAClB,OAAOA",
  "_names": ArraySet {
    "_array": Array [
      "bar",
      "baz",
      "n",
    ],
    "_set": Map {
      "bar" => 0,
      "baz" => 1,
      "n" => 2,
    },
  },
  "_sourceMapURL": undefined,
  "_sources": ArraySet {
    "_array": Array [
      "one.js",
      "two.js",
    ],
    "_set": Map {
      "one.js" => 0,
      "two.js" => 1,
    },
  },
  "file": "test.js",
  "sourceRoot": "http://example.com/www/js/",
  "sourcesContent": null,
}
`;

exports[`TerserPlugin buildWarning method 1`] = `"Terser Plugin: Warning [test.js:1,1]"`;

exports[`TerserPlugin buildWarning method 2`] = `"Terser Plugin: Warning [test.js:1,1]"`;

exports[`TerserPlugin buildWarning method 3`] = `"Terser Plugin: Warning [test.js:1,1]"`;

exports[`TerserPlugin buildWarning method 4`] = `"Terser Plugin: Warning [./one.js:1,1]"`;

exports[`TerserPlugin buildWarning method 5`] = `"Terser Plugin: Warning [./one.js:1,1]"`;

exports[`TerserPlugin buildWarning method 6`] = `null`;

exports[`TerserPlugin should regenerate hash: 4.4.f1a57a9ca1b30ec6dc5a.js 1`] = `"(window.webpackJsonp=window.webpackJsonp||[]).push([[4],{4:function(n,p,s){\\"use strict\\";s.r(p),p.default=\\"async-dep\\"}}]);"`;

exports[`TerserPlugin should regenerate hash: AsyncImportExport.a7c5d3e6db30077cc61c.js 1`] = `"!function(e){function t(t){for(var r,o,u=t[0],i=t[1],c=0,f=[];c<u.length;c++)o=u[c],n[o]&&f.push(n[o][0]),n[o]=0;for(r in i)Object.prototype.hasOwnProperty.call(i,r)&&(e[r]=i[r]);for(a&&a(t);f.length;)f.shift()()}var r={},n={0:0};function o(t){if(r[t])return r[t].exports;var n=r[t]={i:t,l:!1,exports:{}};return e[t].call(n.exports,n,n.exports,o),n.l=!0,n.exports}o.e=function(e){var t=[],r=n[e];if(0!==r)if(r)t.push(r[2]);else{var u=new Promise(function(t,o){r=n[e]=[t,o]});t.push(r[2]=u);var i,c=document.createElement(\\"script\\");c.charset=\\"utf-8\\",c.timeout=120,o.nc&&c.setAttribute(\\"nonce\\",o.nc),c.src=function(e){return o.p+\\"\\"+e+\\".\\"+({}[e]||e)+\\".\\"+{4:\\"f1a57a9ca1b30ec6dc5a\\"}[e]+\\".js\\"}(e),i=function(t){c.onerror=c.onload=null,clearTimeout(a);var r=n[e];if(0!==r){if(r){var o=t&&(\\"load\\"===t.type?\\"missing\\":t.type),u=t&&t.target&&t.target.src,i=new Error(\\"Loading chunk \\"+e+\\" failed.\\\\n(\\"+o+\\": \\"+u+\\")\\");i.type=o,i.request=u,r[1](i)}n[e]=void 0}};var a=setTimeout(function(){i({type:\\"timeout\\",target:c})},12e4);c.onerror=c.onload=i,document.head.appendChild(c)}return Promise.all(t)},o.m=e,o.c=r,o.d=function(e,t,r){o.o(e,t)||Object.defineProperty(e,t,{enumerable:!0,get:r})},o.r=function(e){\\"undefined\\"!=typeof Symbol&&Symbol.toStringTag&&Object.defineProperty(e,Symbol.toStringTag,{value:\\"Module\\"}),Object.defineProperty(e,\\"__esModule\\",{value:!0})},o.t=function(e,t){if(1&t&&(e=o(e)),8&t)return e;if(4&t&&\\"object\\"==typeof e&&e&&e.__esModule)return e;var r=Object.create(null);if(o.r(r),Object.defineProperty(r,\\"default\\",{enumerable:!0,value:e}),2&t&&\\"string\\"!=typeof e)for(var n in e)o.d(r,n,function(t){return e[t]}.bind(null,n));return r},o.n=function(e){var t=e&&e.__esModule?function(){return e.default}:function(){return e};return o.d(t,\\"a\\",t),t},o.o=function(e,t){return Object.prototype.hasOwnProperty.call(e,t)},o.p=\\"\\",o.oe=function(e){throw console.error(e),e};var u=window.webpackJsonp=window.webpackJsonp||[],i=u.push.bind(u);u.push=t,u=u.slice();for(var c=0;c<u.length;c++)t(u[c]);var a=i;o(o.s=2)}({2:function(e,t,r){\\"use strict\\";r.r(t),r.e(4).then(r.bind(null,4)).then(()=>{console.log(\\"Good\\")}),t.default=\\"Awesome\\"}});"`;

exports[`TerserPlugin should regenerate hash: errors 1`] = `Array []`;

exports[`TerserPlugin should regenerate hash: importExport.25068f05f311e5a6bc48.js 1`] = `"!function(e){var t={};function r(n){if(t[n])return t[n].exports;var o=t[n]={i:n,l:!1,exports:{}};return e[n].call(o.exports,o,o.exports,r),o.l=!0,o.exports}r.m=e,r.c=t,r.d=function(e,t,n){r.o(e,t)||Object.defineProperty(e,t,{enumerable:!0,get:n})},r.r=function(e){\\"undefined\\"!=typeof Symbol&&Symbol.toStringTag&&Object.defineProperty(e,Symbol.toStringTag,{value:\\"Module\\"}),Object.defineProperty(e,\\"__esModule\\",{value:!0})},r.t=function(e,t){if(1&t&&(e=r(e)),8&t)return e;if(4&t&&\\"object\\"==typeof e&&e&&e.__esModule)return e;var n=Object.create(null);if(r.r(n),Object.defineProperty(n,\\"default\\",{enumerable:!0,value:e}),2&t&&\\"string\\"!=typeof e)for(var o in e)r.d(n,o,function(t){return e[t]}.bind(null,o));return n},r.n=function(e){var t=e&&e.__esModule?function(){return e.default}:function(){return e};return r.d(t,\\"a\\",t),t},r.o=function(e,t){return Object.prototype.hasOwnProperty.call(e,t)},r.p=\\"\\",r(r.s=3)}({3:function(e,t,r){\\"use strict\\";r.r(t);const n=\\"bar\\";var o=\\"foo\\";t.default=function(){const e=o,t=\`baz\${Math.random()}\`;return()=>({a:e+n+t,b:e,baz:t})}}});"`;

exports[`TerserPlugin should regenerate hash: js.96efd6ee5304c816b015.js 1`] = `"!function(e){var t={};function n(r){if(t[r])return t[r].exports;var o=t[r]={i:r,l:!1,exports:{}};return e[r].call(o.exports,o,o.exports,n),o.l=!0,o.exports}n.m=e,n.c=t,n.d=function(e,t,r){n.o(e,t)||Object.defineProperty(e,t,{enumerable:!0,get:r})},n.r=function(e){\\"undefined\\"!=typeof Symbol&&Symbol.toStringTag&&Object.defineProperty(e,Symbol.toStringTag,{value:\\"Module\\"}),Object.defineProperty(e,\\"__esModule\\",{value:!0})},n.t=function(e,t){if(1&t&&(e=n(e)),8&t)return e;if(4&t&&\\"object\\"==typeof e&&e&&e.__esModule)return e;var r=Object.create(null);if(n.r(r),Object.defineProperty(r,\\"default\\",{enumerable:!0,value:e}),2&t&&\\"string\\"!=typeof e)for(var o in e)n.d(r,o,function(t){return e[t]}.bind(null,o));return r},n.n=function(e){var t=e&&e.__esModule?function(){return e.default}:function(){return e};return n.d(t,\\"a\\",t),t},n.o=function(e,t){return Object.prototype.hasOwnProperty.call(e,t)},n.p=\\"\\",n(n.s=0)}([function(e,t){e.exports=function(){console.log(7)}}]);"`;

exports[`TerserPlugin should regenerate hash: mjs.d77424af59a0a96a6be2.js 1`] = `"!function(e){var t={};function r(n){if(t[n])return t[n].exports;var o=t[n]={i:n,l:!1,exports:{}};return e[n].call(o.exports,o,o.exports,r),o.l=!0,o.exports}r.m=e,r.c=t,r.d=function(e,t,n){r.o(e,t)||Object.defineProperty(e,t,{enumerable:!0,get:n})},r.r=function(e){\\"undefined\\"!=typeof Symbol&&Symbol.toStringTag&&Object.defineProperty(e,Symbol.toStringTag,{value:\\"Module\\"}),Object.defineProperty(e,\\"__esModule\\",{value:!0})},r.t=function(e,t){if(1&t&&(e=r(e)),8&t)return e;if(4&t&&\\"object\\"==typeof e&&e&&e.__esModule)return e;var n=Object.create(null);if(r.r(n),Object.defineProperty(n,\\"default\\",{enumerable:!0,value:e}),2&t&&\\"string\\"!=typeof e)for(var o in e)r.d(n,o,function(t){return e[t]}.bind(null,o));return n},r.n=function(e){var t=e&&e.__esModule?function(){return e.default}:function(){return e};return r.d(t,\\"a\\",t),t},r.o=function(e,t){return Object.prototype.hasOwnProperty.call(e,t)},r.p=\\"\\",r(r.s=1)}([,function(e,t,r){\\"use strict\\";r.r(t);module.exports=function(){console.log(7)}}]);"`;

exports[`TerserPlugin should regenerate hash: warnings 1`] = `Array []`;

exports[`TerserPlugin should works (without options): errors 1`] = `Array []`;

exports[`TerserPlugin should works (without options): main.e231945f17f2c3118ae0.js 1`] = `"!function(e){var t={};function n(r){if(t[r])return t[r].exports;var o=t[r]={i:r,l:!1,exports:{}};return e[r].call(o.exports,o,o.exports,n),o.l=!0,o.exports}n.m=e,n.c=t,n.d=function(e,t,r){n.o(e,t)||Object.defineProperty(e,t,{enumerable:!0,get:r})},n.r=function(e){\\"undefined\\"!=typeof Symbol&&Symbol.toStringTag&&Object.defineProperty(e,Symbol.toStringTag,{value:\\"Module\\"}),Object.defineProperty(e,\\"__esModule\\",{value:!0})},n.t=function(e,t){if(1&t&&(e=n(e)),8&t)return e;if(4&t&&\\"object\\"==typeof e&&e&&e.__esModule)return e;var r=Object.create(null);if(n.r(r),Object.defineProperty(r,\\"default\\",{enumerable:!0,value:e}),2&t&&\\"string\\"!=typeof e)for(var o in e)n.d(r,o,function(t){return e[t]}.bind(null,o));return r},n.n=function(e){var t=e&&e.__esModule?function(){return e.default}:function(){return e};return n.d(t,\\"a\\",t),t},n.o=function(e,t){return Object.prototype.hasOwnProperty.call(e,t)},n.p=\\"\\",n(n.s=0)}([function(e,t){e.exports=function(){console.log(7)}}]);"`;

exports[`TerserPlugin should works (without options): warnings 1`] = `Array []`;
