// Jest Snapshot v1, https://goo.gl/fbAQLP

exports[`validation 1`] = `
"Invalid options object. Terser Plugin has been initialized using an options object that does not match the API schema.
 - options.test should be one of these:
   [RegExp | non-empty string, ...] | RegExp | non-empty string
   -> Filtering rules.
   Details:
    * options.test should be an array:
      [RegExp | non-empty string, ...]
    * options.test should be one of these:
      RegExp | non-empty string
      -> Filtering rule as regex or string.
      Details:
       * options.test should be an instance of RegExp.
       * options.test should be a non-empty string."
`;

exports[`validation 2`] = `
"Invalid options object. Terser Plugin has been initialized using an options object that does not match the API schema.
 - options.test should be one of these:
   [RegExp | non-empty string, ...] | RegExp | non-empty string
   -> Filtering rules.
   Details:
    * options.test[0] should be one of these:
      RegExp | non-empty string
      -> Filtering rule as regex or string.
      Details:
       * options.test[0] should be an instance of RegExp.
       * options.test[0] should be a non-empty string."
`;

exports[`validation 3`] = `
"Invalid options object. Terser Plugin has been initialized using an options object that does not match the API schema.
 - options.include should be one of these:
   [RegExp | non-empty string, ...] | RegExp | non-empty string
   -> Filtering rules.
   Details:
    * options.include should be an array:
      [RegExp | non-empty string, ...]
    * options.include should be one of these:
      RegExp | non-empty string
      -> Filtering rule as regex or string.
      Details:
       * options.include should be an instance of RegExp.
       * options.include should be a non-empty string."
`;

exports[`validation 4`] = `
"Invalid options object. Terser Plugin has been initialized using an options object that does not match the API schema.
 - options.include should be one of these:
   [RegExp | non-empty string, ...] | RegExp | non-empty string
   -> Filtering rules.
   Details:
    * options.include[0] should be one of these:
      RegExp | non-empty string
      -> Filtering rule as regex or string.
      Details:
       * options.include[0] should be an instance of RegExp.
       * options.include[0] should be a non-empty string."
`;

exports[`validation 5`] = `
"Invalid options object. Terser Plugin has been initialized using an options object that does not match the API schema.
 - options.exclude should be one of these:
   [RegExp | non-empty string, ...] | RegExp | non-empty string
   -> Filtering rules.
   Details:
    * options.exclude should be an array:
      [RegExp | non-empty string, ...]
    * options.exclude should be one of these:
      RegExp | non-empty string
      -> Filtering rule as regex or string.
      Details:
       * options.exclude should be an instance of RegExp.
       * options.exclude should be a non-empty string."
`;

exports[`validation 6`] = `
"Invalid options object. Terser Plugin has been initialized using an options object that does not match the API schema.
 - options.exclude should be one of these:
   [RegExp | non-empty string, ...] | RegExp | non-empty string
   -> Filtering rules.
   Details:
    * options.exclude[0] should be one of these:
      RegExp | non-empty string
      -> Filtering rule as regex or string.
      Details:
       * options.exclude[0] should be an instance of RegExp.
       * options.exclude[0] should be a non-empty string."
`;

exports[`validation 7`] = `
"Invalid options object. Terser Plugin has been initialized using an options object that does not match the API schema.
 - options.cache should be one of these:
   boolean | string
   -> Enable file caching. Ignored in webpack 5, for webpack 5 please use https://webpack.js.org/configuration/other-options/#cache.
   Details:
    * options.cache should be a boolean.
    * options.cache should be a string."
`;

exports[`validation 8`] = `
"Invalid options object. Terser Plugin has been initialized using an options object that does not match the API schema.
 - options.cacheKeys should be an instance of function.
   -> Allows you to override default cache keys. Ignored in webpack 5, for webpack 5 please use https://webpack.js.org/configuration/other-options/#cache."
`;

exports[`validation 9`] = `
"Invalid options object. Terser Plugin has been initialized using an options object that does not match the API schema.
 - options.parallel should be one of these:
   boolean | integer
   -> Use multi-process parallel running to improve the build speed.
   Details:
    * options.parallel should be a boolean.
    * options.parallel should be a integer."
`;

exports[`validation 10`] = `
"Invalid options object. Terser Plugin has been initialized using an options object that does not match the API schema.
 - options.parallel should be one of these:
   boolean | integer
   -> Use multi-process parallel running to improve the build speed.
   Details:
    * options.parallel should be a boolean.
    * options.parallel should be a integer."
`;

exports[`validation 11`] = `
"Invalid options object. Terser Plugin has been initialized using an options object that does not match the API schema.
 - options.sourceMap should be a boolean.
   -> Enables/Disables generation of source maps."
`;

exports[`validation 12`] = `
"Invalid options object. Terser Plugin has been initialized using an options object that does not match the API schema.
 - options.minify should be an instance of function.
   -> Allows you to override default minify function."
`;

exports[`validation 13`] = `
"Invalid options object. Terser Plugin has been initialized using an options object that does not match the API schema.
 - options.terserOptions should be an object:
   object { â€¦ }
   -> Options for \`terser\`."
`;

exports[`validation 14`] = `
"Invalid options object. Terser Plugin has been initialized using an options object that does not match the API schema.
 - options.extractComments should be one of these:
   boolean | string | RegExp | function | object { condition?, filename?, banner? }
   -> Whether comments shall be extracted to a separate file.
   Details:
    * options.extractComments.condition should be one of these:
      boolean | string | RegExp | function
      Details:
       * options.extractComments.condition should be a boolean.
       * options.extractComments.condition should be a string.
       * options.extractComments.condition should be an instance of RegExp.
       * options.extractComments.condition should be an instance of function."
`;

exports[`validation 15`] = `
"Invalid options object. Terser Plugin has been initialized using an options object that does not match the API schema.
 - options.extractComments should be one of these:
   boolean | string | RegExp | function | object { condition?, filename?, banner? }
   -> Whether comments shall be extracted to a separate file.
   Details:
    * options.extractComments.filename should be one of these:
      string | function
      Details:
       * options.extractComments.filename should be a string.
       * options.extractComments.filename should be an instance of function."
`;

exports[`validation 16`] = `
"Invalid options object. Terser Plugin has been initialized using an options object that does not match the API schema.
 - options.extractComments should be one of these:
   boolean | string | RegExp | function | object { condition?, filename?, banner? }
   -> Whether comments shall be extracted to a separate file.
   Details:
    * options.extractComments.banner should be one of these:
      boolean | string | function
      Details:
       * options.extractComments.banner should be a boolean.
       * options.extractComments.banner should be a string.
       * options.extractComments.banner should be an instance of function."
`;

exports[`validation 17`] = `
"Invalid options object. Terser Plugin has been initialized using an options object that does not match the API schema.
 - options.extractComments has an unknown property 'unknown'. These properties are valid:
   object { condition?, filename?, banner? }"
`;

exports[`validation 18`] = `
"Invalid options object. Terser Plugin has been initialized using an options object that does not match the API schema.
 - options has an unknown property 'unknown'. These properties are valid:
   object { test?, include?, exclude?, cache?, cacheKeys?, parallel?, sourceMap?, minify?, terserOptions?, extractComments? }"
`;
