// Jest Snapshot v1, https://goo.gl/fbAQLP

exports[`when applied with \`warningsFilter\` option matches snapshot for a \`function\` value and \`sourceMap\` is \`false\` (filter by message): errors 1`] = `Array []`;

exports[`when applied with \`warningsFilter\` option matches snapshot for a \`function\` value and \`sourceMap\` is \`false\` (filter by message): one.06c86dfc101284365c58.js 1`] = `"!function(e){var t={};function r(n){if(t[n])return t[n].exports;var o=t[n]={i:n,l:!1,exports:{}};return e[n].call(o.exports,o,o.exports,r),o.l=!0,o.exports}r.m=e,r.c=t,r.d=function(e,t,n){r.o(e,t)||Object.defineProperty(e,t,{enumerable:!0,get:n})},r.r=function(e){\\"undefined\\"!=typeof Symbol&&Symbol.toStringTag&&Object.defineProperty(e,Symbol.toStringTag,{value:\\"Module\\"}),Object.defineProperty(e,\\"__esModule\\",{value:!0})},r.t=function(e,t){if(1&t&&(e=r(e)),8&t)return e;if(4&t&&\\"object\\"==typeof e&&e&&e.__esModule)return e;var n=Object.create(null);if(r.r(n),Object.defineProperty(n,\\"default\\",{enumerable:!0,value:e}),2&t&&\\"string\\"!=typeof e)for(var o in e)r.d(n,o,function(t){return e[t]}.bind(null,o));return n},r.n=function(e){var t=e&&e.__esModule?function(){return e.default}:function(){return e};return r.d(t,\\"a\\",t),t},r.o=function(e,t){return Object.prototype.hasOwnProperty.call(e,t)},r.p=\\"\\",r(r.s=0)}([function(e,t){}]);"`;

exports[`when applied with \`warningsFilter\` option matches snapshot for a \`function\` value and \`sourceMap\` is \`false\` (filter by message): two.38aad015ee9ce8676a3a.js 1`] = `"!function(e){var t={};function r(n){if(t[n])return t[n].exports;var o=t[n]={i:n,l:!1,exports:{}};return e[n].call(o.exports,o,o.exports,r),o.l=!0,o.exports}r.m=e,r.c=t,r.d=function(e,t,n){r.o(e,t)||Object.defineProperty(e,t,{enumerable:!0,get:n})},r.r=function(e){\\"undefined\\"!=typeof Symbol&&Symbol.toStringTag&&Object.defineProperty(e,Symbol.toStringTag,{value:\\"Module\\"}),Object.defineProperty(e,\\"__esModule\\",{value:!0})},r.t=function(e,t){if(1&t&&(e=r(e)),8&t)return e;if(4&t&&\\"object\\"==typeof e&&e&&e.__esModule)return e;var n=Object.create(null);if(r.r(n),Object.defineProperty(n,\\"default\\",{enumerable:!0,value:e}),2&t&&\\"string\\"!=typeof e)for(var o in e)r.d(n,o,function(t){return e[t]}.bind(null,o));return n},r.n=function(e){var t=e&&e.__esModule?function(){return e.default}:function(){return e};return r.d(t,\\"a\\",t),t},r.o=function(e,t){return Object.prototype.hasOwnProperty.call(e,t)},r.p=\\"\\",r(r.s=1)}([,function(e,t){}]);"`;

exports[`when applied with \`warningsFilter\` option matches snapshot for a \`function\` value and \`sourceMap\` is \`false\` (filter by message): warnings 1`] = `
Array [
  "Terser Plugin: Dropping unreachable code [one.06c86dfc101284365c58.js:91,41]",
  "Terser Plugin: Dropping unreachable code [two.38aad015ee9ce8676a3a.js:92,41]",
]
`;

exports[`when applied with \`warningsFilter\` option matches snapshot for a \`function\` value and \`sourceMap\` is \`true\` (filter by file): errors 1`] = `Array []`;

exports[`when applied with \`warningsFilter\` option matches snapshot for a \`function\` value and \`sourceMap\` is \`true\` (filter by file): one.06c86dfc101284365c58.js 1`] = `"!function(e){var t={};function r(n){if(t[n])return t[n].exports;var o=t[n]={i:n,l:!1,exports:{}};return e[n].call(o.exports,o,o.exports,r),o.l=!0,o.exports}r.m=e,r.c=t,r.d=function(e,t,n){r.o(e,t)||Object.defineProperty(e,t,{enumerable:!0,get:n})},r.r=function(e){\\"undefined\\"!=typeof Symbol&&Symbol.toStringTag&&Object.defineProperty(e,Symbol.toStringTag,{value:\\"Module\\"}),Object.defineProperty(e,\\"__esModule\\",{value:!0})},r.t=function(e,t){if(1&t&&(e=r(e)),8&t)return e;if(4&t&&\\"object\\"==typeof e&&e&&e.__esModule)return e;var n=Object.create(null);if(r.r(n),Object.defineProperty(n,\\"default\\",{enumerable:!0,value:e}),2&t&&\\"string\\"!=typeof e)for(var o in e)r.d(n,o,function(t){return e[t]}.bind(null,o));return n},r.n=function(e){var t=e&&e.__esModule?function(){return e.default}:function(){return e};return r.d(t,\\"a\\",t),t},r.o=function(e,t){return Object.prototype.hasOwnProperty.call(e,t)},r.p=\\"\\",r(r.s=0)}([function(e,t){}]);"`;

exports[`when applied with \`warningsFilter\` option matches snapshot for a \`function\` value and \`sourceMap\` is \`true\` (filter by file): two.38aad015ee9ce8676a3a.js 1`] = `"!function(e){var t={};function r(n){if(t[n])return t[n].exports;var o=t[n]={i:n,l:!1,exports:{}};return e[n].call(o.exports,o,o.exports,r),o.l=!0,o.exports}r.m=e,r.c=t,r.d=function(e,t,n){r.o(e,t)||Object.defineProperty(e,t,{enumerable:!0,get:n})},r.r=function(e){\\"undefined\\"!=typeof Symbol&&Symbol.toStringTag&&Object.defineProperty(e,Symbol.toStringTag,{value:\\"Module\\"}),Object.defineProperty(e,\\"__esModule\\",{value:!0})},r.t=function(e,t){if(1&t&&(e=r(e)),8&t)return e;if(4&t&&\\"object\\"==typeof e&&e&&e.__esModule)return e;var n=Object.create(null);if(r.r(n),Object.defineProperty(n,\\"default\\",{enumerable:!0,value:e}),2&t&&\\"string\\"!=typeof e)for(var o in e)r.d(n,o,function(t){return e[t]}.bind(null,o));return n},r.n=function(e){var t=e&&e.__esModule?function(){return e.default}:function(){return e};return r.d(t,\\"a\\",t),t},r.o=function(e,t){return Object.prototype.hasOwnProperty.call(e,t)},r.p=\\"\\",r(r.s=1)}([,function(e,t){}]);"`;

exports[`when applied with \`warningsFilter\` option matches snapshot for a \`function\` value and \`sourceMap\` is \`true\` (filter by file): warnings 1`] = `Array []`;

exports[`when applied with \`warningsFilter\` option matches snapshot for a \`function\` value and \`sourceMap\` is \`true\` (filter by message): errors 1`] = `Array []`;

exports[`when applied with \`warningsFilter\` option matches snapshot for a \`function\` value and \`sourceMap\` is \`true\` (filter by message): one.06c86dfc101284365c58.js 1`] = `"!function(e){var t={};function r(n){if(t[n])return t[n].exports;var o=t[n]={i:n,l:!1,exports:{}};return e[n].call(o.exports,o,o.exports,r),o.l=!0,o.exports}r.m=e,r.c=t,r.d=function(e,t,n){r.o(e,t)||Object.defineProperty(e,t,{enumerable:!0,get:n})},r.r=function(e){\\"undefined\\"!=typeof Symbol&&Symbol.toStringTag&&Object.defineProperty(e,Symbol.toStringTag,{value:\\"Module\\"}),Object.defineProperty(e,\\"__esModule\\",{value:!0})},r.t=function(e,t){if(1&t&&(e=r(e)),8&t)return e;if(4&t&&\\"object\\"==typeof e&&e&&e.__esModule)return e;var n=Object.create(null);if(r.r(n),Object.defineProperty(n,\\"default\\",{enumerable:!0,value:e}),2&t&&\\"string\\"!=typeof e)for(var o in e)r.d(n,o,function(t){return e[t]}.bind(null,o));return n},r.n=function(e){var t=e&&e.__esModule?function(){return e.default}:function(){return e};return r.d(t,\\"a\\",t),t},r.o=function(e,t){return Object.prototype.hasOwnProperty.call(e,t)},r.p=\\"\\",r(r.s=0)}([function(e,t){}]);"`;

exports[`when applied with \`warningsFilter\` option matches snapshot for a \`function\` value and \`sourceMap\` is \`true\` (filter by message): two.38aad015ee9ce8676a3a.js 1`] = `"!function(e){var t={};function r(n){if(t[n])return t[n].exports;var o=t[n]={i:n,l:!1,exports:{}};return e[n].call(o.exports,o,o.exports,r),o.l=!0,o.exports}r.m=e,r.c=t,r.d=function(e,t,n){r.o(e,t)||Object.defineProperty(e,t,{enumerable:!0,get:n})},r.r=function(e){\\"undefined\\"!=typeof Symbol&&Symbol.toStringTag&&Object.defineProperty(e,Symbol.toStringTag,{value:\\"Module\\"}),Object.defineProperty(e,\\"__esModule\\",{value:!0})},r.t=function(e,t){if(1&t&&(e=r(e)),8&t)return e;if(4&t&&\\"object\\"==typeof e&&e&&e.__esModule)return e;var n=Object.create(null);if(r.r(n),Object.defineProperty(n,\\"default\\",{enumerable:!0,value:e}),2&t&&\\"string\\"!=typeof e)for(var o in e)r.d(n,o,function(t){return e[t]}.bind(null,o));return n},r.n=function(e){var t=e&&e.__esModule?function(){return e.default}:function(){return e};return r.d(t,\\"a\\",t),t},r.o=function(e,t){return Object.prototype.hasOwnProperty.call(e,t)},r.p=\\"\\",r(r.s=1)}([,function(e,t){}]);"`;

exports[`when applied with \`warningsFilter\` option matches snapshot for a \`function\` value and \`sourceMap\` is \`true\` (filter by message): warnings 1`] = `
Array [
  "Terser Plugin: Dropping unreachable code [./test/fixtures/unreachable-code.js:1,40]",
  "Terser Plugin: Dropping unreachable code [./test/fixtures/unreachable-code-2.js:1,40]",
]
`;

exports[`when applied with \`warningsFilter\` option matches snapshot for a \`function\` value and \`sourceMap\` is \`true\` (filter by source): errors 1`] = `Array []`;

exports[`when applied with \`warningsFilter\` option matches snapshot for a \`function\` value and \`sourceMap\` is \`true\` (filter by source): one.06c86dfc101284365c58.js 1`] = `"!function(e){var t={};function r(n){if(t[n])return t[n].exports;var o=t[n]={i:n,l:!1,exports:{}};return e[n].call(o.exports,o,o.exports,r),o.l=!0,o.exports}r.m=e,r.c=t,r.d=function(e,t,n){r.o(e,t)||Object.defineProperty(e,t,{enumerable:!0,get:n})},r.r=function(e){\\"undefined\\"!=typeof Symbol&&Symbol.toStringTag&&Object.defineProperty(e,Symbol.toStringTag,{value:\\"Module\\"}),Object.defineProperty(e,\\"__esModule\\",{value:!0})},r.t=function(e,t){if(1&t&&(e=r(e)),8&t)return e;if(4&t&&\\"object\\"==typeof e&&e&&e.__esModule)return e;var n=Object.create(null);if(r.r(n),Object.defineProperty(n,\\"default\\",{enumerable:!0,value:e}),2&t&&\\"string\\"!=typeof e)for(var o in e)r.d(n,o,function(t){return e[t]}.bind(null,o));return n},r.n=function(e){var t=e&&e.__esModule?function(){return e.default}:function(){return e};return r.d(t,\\"a\\",t),t},r.o=function(e,t){return Object.prototype.hasOwnProperty.call(e,t)},r.p=\\"\\",r(r.s=0)}([function(e,t){}]);"`;

exports[`when applied with \`warningsFilter\` option matches snapshot for a \`function\` value and \`sourceMap\` is \`true\` (filter by source): two.38aad015ee9ce8676a3a.js 1`] = `"!function(e){var t={};function r(n){if(t[n])return t[n].exports;var o=t[n]={i:n,l:!1,exports:{}};return e[n].call(o.exports,o,o.exports,r),o.l=!0,o.exports}r.m=e,r.c=t,r.d=function(e,t,n){r.o(e,t)||Object.defineProperty(e,t,{enumerable:!0,get:n})},r.r=function(e){\\"undefined\\"!=typeof Symbol&&Symbol.toStringTag&&Object.defineProperty(e,Symbol.toStringTag,{value:\\"Module\\"}),Object.defineProperty(e,\\"__esModule\\",{value:!0})},r.t=function(e,t){if(1&t&&(e=r(e)),8&t)return e;if(4&t&&\\"object\\"==typeof e&&e&&e.__esModule)return e;var n=Object.create(null);if(r.r(n),Object.defineProperty(n,\\"default\\",{enumerable:!0,value:e}),2&t&&\\"string\\"!=typeof e)for(var o in e)r.d(n,o,function(t){return e[t]}.bind(null,o));return n},r.n=function(e){var t=e&&e.__esModule?function(){return e.default}:function(){return e};return r.d(t,\\"a\\",t),t},r.o=function(e,t){return Object.prototype.hasOwnProperty.call(e,t)},r.p=\\"\\",r(r.s=1)}([,function(e,t){}]);"`;

exports[`when applied with \`warningsFilter\` option matches snapshot for a \`function\` value and \`sourceMap\` is \`true\` (filter by source): warnings 1`] = `
Array [
  "Terser Plugin: Dropping unreachable code [./test/fixtures/unreachable-code.js:1,40]",
  "Terser Plugin: Dropping unused function foo [./test/fixtures/unreachable-code.js:1,0]",
]
`;
